Component: ARM Compiler 5.06 update 7 (build 960) Tool: armlink [4d3601]

==============================================================================

Section Cross References

    main.o(.text) refers to iic.o(.text) for ON_CS
    main.o(.text) refers to adc.o(.text) for Get_Adc_Average
    main.o(.text) refers to fflt_clz.o(x$fpl$ffltu) for __aeabi_ui2f
    main.o(.text) refers to f2d.o(x$fpl$f2d) for __aeabi_f2d
    main.o(.text) refers to ddiv.o(x$fpl$ddiv) for __aeabi_ddiv
    main.o(.text) refers to daddsub_clz.o(x$fpl$drsb) for __aeabi_drsub
    main.o(.text) refers to dfixu.o(x$fpl$dfixu) for __aeabi_d2uiz
    main.o(.text) refers to bh1750.o(.text) for Conversion
    main.o(.text) refers to dht11.o(.text) for DHT11_Read_Data
    main.o(.text) refers to fdiv.o(x$fpl$fdiv) for __aeabi_fdiv
    main.o(.text) refers to ffixu.o(x$fpl$ffixu) for __aeabi_f2uiz
    main.o(.text) refers to gui.o(.text) for Gui_DrawFont_GBK16
    main.o(.text) refers to main.o(.data) for Status
    main.o(.text) refers to main.o(.bss) for BUUF
    main.o(.text) refers to onenet.o(.bss) for SUR_status
    main.o(.text) refers to bh1750.o(.data) for lux
    main.o(.text) refers to lcd_driver.o(.text) for Lcd_Clear
    main.o(.text) refers to delay.o(.text) for delay_init
    main.o(.text) refers to switch.o(.text) for SWITCH_Init
    main.o(.text) refers to usart2.o(.text) for Usart2_Init
    main.o(.text) refers to usart.o(.text) for uart_init
    main.o(.text) refers to key.o(.text) for KEY_Init
    main.o(.text) refers to esp8266.o(.text) for ESP8266_Init
    main.o(.text) refers to onenet.o(.text) for OneNet_DevLink
    system_stm32f10x.o(.text) refers to system_stm32f10x.o(.data) for SystemCoreClock
    switch.o(.text) refers to stm32f10x_rcc.o(.text) for RCC_APB2PeriphClockCmd
    switch.o(.text) refers to stm32f10x_gpio.o(.text) for GPIO_Init
    esp8266.o(.text) refers to _printf_percent.o(.ARM.Collect$$_printf_percent$$00000000) for _printf_percent
    esp8266.o(.text) refers to _printf_d.o(.ARM.Collect$$_printf_percent$$00000009) for _printf_d
    esp8266.o(.text) refers to _printf_dec.o(.text) for _printf_int_dec
    esp8266.o(.text) refers to rt_memclr.o(.text) for __aeabi_memclr
    esp8266.o(.text) refers to strlen.o(.text) for strlen
    esp8266.o(.text) refers to usart2.o(.text) for Usart_SendString
    esp8266.o(.text) refers to strstr.o(.text) for strstr
    esp8266.o(.text) refers to delay.o(.text) for delay_ms
    esp8266.o(.text) refers to __2sprintf.o(.text) for __2sprintf
    esp8266.o(.text) refers to strchr.o(.text) for strchr
    esp8266.o(.text) refers to stm32f10x_rcc.o(.text) for RCC_APB2PeriphClockCmd
    esp8266.o(.text) refers to stm32f10x_gpio.o(.text) for GPIO_Init
    esp8266.o(.text) refers to stm32f10x_usart.o(.text) for USART_GetITStatus
    esp8266.o(.text) refers to esp8266.o(.bss) for esp8266_buf
    esp8266.o(.text) refers to esp8266.o(.data) for esp8266_cnt
    onenet.o(.text) refers to _printf_percent.o(.ARM.Collect$$_printf_percent$$00000000) for _printf_percent
    onenet.o(.text) refers to _printf_d.o(.ARM.Collect$$_printf_percent$$00000009) for _printf_d
    onenet.o(.text) refers to _printf_dec.o(.text) for _printf_int_dec
    onenet.o(.text) refers to _printf_s.o(.ARM.Collect$$_printf_percent$$00000014) for _printf_s
    onenet.o(.text) refers to _printf_str.o(.text) for _printf_str
    onenet.o(.text) refers to usart2.o(.text) for UsartPrintf
    onenet.o(.text) refers to edpkit.o(.text) for EDP_PacketConnect1
    onenet.o(.text) refers to esp8266.o(.text) for ESP8266_SendData
    onenet.o(.text) refers to strcpy.o(.text) for strcpy
    onenet.o(.text) refers to __2sprintf.o(.text) for __2sprintf
    onenet.o(.text) refers to strcat.o(.text) for strcat
    onenet.o(.text) refers to __2printf.o(.text) for __2printf
    onenet.o(.text) refers to strlen.o(.text) for strlen
    onenet.o(.text) refers to rt_memclr_w.o(.text) for __aeabi_memclr4
    onenet.o(.text) refers to onenet.o(.data) for onenet_num
    onenet.o(.text) refers to onenet.o(.bss) for SUR_status
    onenet.o(.text) refers to main.o(.data) for Water_pump_onenet
    onenet.o(.text) refers to strchr.o(.text) for strchr
    onenet.o(.text) refers to atoi.o(.text) for atoi
    onenet.o(.text) refers to strstr.o(.text) for strstr
    onenet.o(.text) refers to h1_free.o(.text) for free
    edpkit.o(.text) refers to h1_alloc.o(.text) for malloc
    edpkit.o(.text) refers to h1_free.o(.text) for free
    edpkit.o(.text) refers to strlen.o(.text) for strlen
    edpkit.o(.text) refers to strncat.o(.text) for strncat
    edpkit.o(.text) refers to rt_memclr.o(.text) for __aeabi_memclr
    edpkit.o(.text) refers to rt_memcpy_v6.o(.text) for __aeabi_memcpy
    usart2.o(.text) refers to stm32f10x_rcc.o(.text) for RCC_APB2PeriphClockCmd
    usart2.o(.text) refers to stm32f10x_gpio.o(.text) for GPIO_Init
[...]
    __rt_lib_shutdown                        0x0800025d   Thumb Code     0  libshutdown.o(.ARM.Collect$$libshutdown$$00000000)
    __rt_lib_shutdown_cpp_1                  0x0800025f   Thumb Code     0  libshutdown2.o(.ARM.Collect$$libshutdown$$00000004)
    __rt_lib_shutdown_fini_1                 0x0800025f   Thumb Code     0  libshutdown2.o(.ARM.Collect$$libshutdown$$00000002)
    __rt_lib_shutdown_fp_trap_1              0x0800025f   Thumb Code     0  libshutdown2.o(.ARM.Collect$$libshutdown$$00000009)
    __rt_lib_shutdown_heap_1                 0x0800025f   Thumb Code     0  libshutdown2.o(.ARM.Collect$$libshutdown$$00000011)
    __rt_lib_shutdown_return                 0x0800025f   Thumb Code     0  libshutdown2.o(.ARM.Collect$$libshutdown$$00000012)
    __rt_lib_shutdown_signal_1               0x0800025f   Thumb Code     0  libshutdown2.o(.ARM.Collect$$libshutdown$$0000000C)
    __rt_lib_shutdown_stdio_1                0x0800025f   Thumb Code     0  libshutdown2.o(.ARM.Collect$$libshutdown$$00000006)
    __rt_lib_shutdown_user_alloc_1           0x0800025f   Thumb Code     0  libshutdown2.o(.ARM.Collect$$libshutdown$$0000000E)
    __rt_entry                               0x08000261   Thumb Code     0  __rtentry.o(.ARM.Collect$$rtentry$$00000000)
    __rt_entry_presh_1                       0x08000261   Thumb Code     0  __rtentry2.o(.ARM.Collect$$rtentry$$00000002)
    __rt_entry_sh                            0x08000261   Thumb Code     0  __rtentry4.o(.ARM.Collect$$rtentry$$00000004)
    __rt_entry_li                            0x08000267   Thumb Code     0  __rtentry2.o(.ARM.Collect$$rtentry$$0000000A)
    __rt_entry_postsh_1                      0x08000267   Thumb Code     0  __rtentry2.o(.ARM.Collect$$rtentry$$00000009)
    __rt_entry_main                          0x0800026b   Thumb Code     0  __rtentry2.o(.ARM.Collect$$rtentry$$0000000D)
    __rt_entry_postli_1                      0x0800026b   Thumb Code     0  __rtentry2.o(.ARM.Collect$$rtentry$$0000000C)
    __rt_exit                                0x08000273   Thumb Code     0  rtexit.o(.ARM.Collect$$rtexit$$00000000)
    __rt_exit_ls                             0x08000275   Thumb Code     0  rtexit2.o(.ARM.Collect$$rtexit$$00000003)
    __rt_exit_prels_1                        0x08000275   Thumb Code     0  rtexit2.o(.ARM.Collect$$rtexit$$00000002)
    __rt_exit_exit                           0x08000279   Thumb Code     0  rtexit2.o(.ARM.Collect$$rtexit$$00000004)
    Shuju                                    0x08000281   Thumb Code   192  main.o(.text)
    _maybe_terminate_alloc                   0x08000281   Thumb Code     0  maybetermalloc1.o(.emb_text)
    init_data                                0x08000341   Thumb Code    20  main.o(.text)
    control_set                              0x08000355   Thumb Code   282  main.o(.text)
    Num_Test                                 0x0800046f   Thumb Code   216  main.o(.text)
    chuishi_1                                0x08000547   Thumb Code   156  main.o(.text)
    chuishi_2                                0x080005e3   Thumb Code    94  main.o(.text)
    control_gui                              0x08000641   Thumb Code   488  main.o(.text)
    GUI_Test1                                0x08000829   Thumb Code   146  main.o(.text)
    GUI_Test2                                0x080008bb   Thumb Code   236  main.o(.text)
    GUI_Test3                                0x080009a7   Thumb Code   262  main.o(.text)
    threshold_value                          0x08000aad   Thumb Code   674  main.o(.text)
    main                                     0x08000d4f   Thumb Code   420  main.o(.text)
    NMI_Handler                              0x08000f3d   Thumb Code     2  stm32f10x_it.o(.text)
    HardFault_Handler                        0x08000f3f   Thumb Code     4  stm32f10x_it.o(.text)
    MemManage_Handler                        0x08000f43   Thumb Code     4  stm32f10x_it.o(.text)
    BusFault_Handler                         0x08000f47   Thumb Code     4  stm32f10x_it.o(.text)
    UsageFault_Handler                       0x08000f4b   Thumb Code     4  stm32f10x_it.o(.text)
    SVC_Handler                              0x08000f4f   Thumb Code     2  stm32f10x_it.o(.text)
    DebugMon_Handler                         0x08000f51   Thumb Code     2  stm32f10x_it.o(.text)
    PendSV_Handler                           0x08000f53   Thumb Code     2  stm32f10x_it.o(.text)
    SysTick_Handler                          0x08000f55   Thumb Code     2  stm32f10x_it.o(.text)
    SystemInit                               0x08001037   Thumb Code    78  system_stm32f10x.o(.text)
    SystemCoreClockUpdate                    0x08001085   Thumb Code   142  system_stm32f10x.o(.text)
    SWITCH_Init                              0x08001139   Thumb Code    50  switch.o(.text)
    ESP8266_Clear                            0x08001171   Thumb Code    18  esp8266.o(.text)
    ESP8266_WaitRecive                       0x08001183   Thumb Code    42  esp8266.o(.text)
    ESP8266_SendCmd                          0x080011ad   Thumb Code    74  esp8266.o(.text)
    ESP8266_SendData                         0x080011f7   Thumb Code    44  esp8266.o(.text)
    ESP8266_GetIPD                           0x08001223   Thumb Code    68  esp8266.o(.text)
    ESP8266_Init                             0x08001267   Thumb Code   188  esp8266.o(.text)
    USART2_IRQHandler                        0x08001323   Thumb Code    62  esp8266.o(.text)
    OneNet_DevLink                           0x08001415   Thumb Code   240  onenet.o(.text)
    OneNet_FillBuf                           0x08001505   Thumb Code   296  onenet.o(.text)
    OneNet_SendData                          0x0800162d   Thumb Code   108  onenet.o(.text)
    OneNet_RevPro                            0x08001699   Thumb Code  1114  onenet.o(.text)
    EDP_NewBuffer                            0x08001b4d   Thumb Code    88  edpkit.o(.text)
    EDP_DeleteBuffer                         0x08001ba5   Thumb Code    28  edpkit.o(.text)
    EDP_UnPacketRecv                         0x08001bc1   Thumb Code     6  edpkit.o(.text)
    EDP_PacketConnect1                       0x08001bc7   Thumb Code   232  edpkit.o(.text)
    EDP_PacketConnect2                       0x08001caf   Thumb Code   248  edpkit.o(.text)
    EDP_UnPacketConnectRsp                   0x08001da7   Thumb Code     6  edpkit.o(.text)
    WriteRemainlen                           0x08001dad   Thumb Code    46  edpkit.o(.text)
    ReadRemainlen                            0x08001ddb   Thumb Code    62  edpkit.o(.text)
    EDP_PacketSaveData                       0x08001e19   Thumb Code   462  edpkit.o(.text)
    EDP_PacketPushData                       0x08001fe7   Thumb Code   194  edpkit.o(.text)
    EDP_UnPacketPushData                     0x080020a9   Thumb Code   176  edpkit.o(.text)
    EDP_UnPacketCmd                          0x08002159   Thumb Code   214  edpkit.o(.text)
    EDP_PacketCmdResp                        0x0800222f   Thumb Code   192  edpkit.o(.text)
    EDP_PacketPing                           0x080022ef   Thumb Code    48  edpkit.o(.text)
    Usart2_Init                              0x08002321   Thumb Code   164  usart2.o(.text)
    Usart_SendString                         0x080023c5   Thumb Code    44  usart2.o(.text)
    UsartPrintf                              0x080023f1   Thumb Code    58  usart2.o(.text)
    bh1750_iic_init                          0x08002435   Thumb Code    50  bh1750.o(.text)
    bh1750_iic_stop                          0x08002467   Thumb Code    68  bh1750.o(.text)
    bh1750_send_byte                         0x080024ab   Thumb Code   116  bh1750.o(.text)
    bh1750_iic_start                         0x0800251f   Thumb Code    82  bh1750.o(.text)
    Single_Write_bh1750                      0x08002571   Thumb Code    26  bh1750.o(.text)
    bh1750_send_ack                          0x0800258b   Thumb Code    80  bh1750.o(.text)
    bh1750_recv_byte                         0x080025db   Thumb Code   114  bh1750.o(.text)
    bh1750_recv_ack                          0x0800264d   Thumb Code    94  bh1750.o(.text)
    bh1750_ReadContinuous1                   0x080026ab   Thumb Code    76  bh1750.o(.text)
    bh1750_ReadOneTime                       0x080026f7   Thumb Code    98  bh1750.o(.text)
    Conversion                               0x08002759   Thumb Code    48  bh1750.o(.text)
    Adc_Init                                 0x0800279d   Thumb Code   132  adc.o(.text)
    Get_Adc                                  0x08002821   Thumb Code    46  adc.o(.text)
    Get_Adc_Average                          0x0800284f   Thumb Code    46  adc.o(.text)
    I2C_GPIO_Config                          0x08002885   Thumb Code    50  iic.o(.text)
    delay_1us                                0x080028b7   Thumb Code    12  iic.o(.text)
    I2C_Start                                0x080028c3   Thumb Code    84  iic.o(.text)
    I2C_Stop                                 0x08002917   Thumb Code    66  iic.o(.text)
    I2C_SendACK                              0x08002959   Thumb Code    76  iic.o(.text)
    I2C_WaitAck                              0x080029a5   Thumb Code   136  iic.o(.text)
    I2C_SendByte                             0x08002a2d   Thumb Code   106  iic.o(.text)
    I2C_RecvByte                             0x08002a97   Thumb Code    96  iic.o(.text)
    Single_WriteI2C_byte                     0x08002af7   Thumb Code    90  iic.o(.text)
    Single_MWriteI2C_byte                    0x08002b51   Thumb Code   108  iic.o(.text)
    Single_ReadI2C                           0x08002bbd   Thumb Code   150  iic.o(.text)
    CS_EN                                    0x08002c53   Thumb Code    58  iic.o(.text)
    ON_CS                                    0x08002c8d   Thumb Code    12  iic.o(.text)
    OFF_CS                                   0x08002c99   Thumb Code    12  iic.o(.text)
    HDC1080_Write_Buffer                     0x08002ca5   Thumb Code   104  iic.o(.text)
    HDC1080_Soft_Reset                       0x08002d0d   Thumb Code    32  iic.o(.text)
    HDC1080_Setting                          0x08002d2d   Thumb Code    32  iic.o(.text)
    HDC1080_Init                             0x08002d4d   Thumb Code    12  iic.o(.text)
    HDC1080_Read_Buffer                      0x08002d59   Thumb Code   146  iic.o(.text)
    HDC1080_Read_MBuffer                     0x08002deb   Thumb Code   156  iic.o(.text)
    HDC1080_Read_Temper                      0x08002e87   Thumb Code    84  iic.o(.text)
    HDC1080_Read_Humidi                      0x08002edb   Thumb Code    62  iic.o(.text)
    HDC1080_Read_Conf                        0x08002f19   Thumb Code    26  iic.o(.text)
    HDC1080_Read_ManufacturerID              0x08002f33   Thumb Code    26  iic.o(.text)
    HDC1080_Read_DeviceID                    0x08002f4d   Thumb Code    26  iic.o(.text)
    DHT11_Rst                                0x08002f81   Thumb Code    52  dht11.o(.text)
    DHT11_Check                              0x08002fb5   Thumb Code    96  dht11.o(.text)
    DHT11_Read_Bit                           0x08003015   Thumb Code    76  dht11.o(.text)
    DHT11_Read_Byte                          0x08003061   Thumb Code    30  dht11.o(.text)
    DHT11_Read_Data                          0x0800307f   Thumb Code   166  dht11.o(.text)
    DHT11_Init                               0x08003125   Thumb Code    62  dht11.o(.text)
    KEY_Init                                 0x08003175   Thumb Code    88  key.o(.text)
    KEY_Scan                                 0x080031cd   Thumb Code   202  key.o(.text)
    delay_init                               0x080032a5   Thumb Code    50  delay.o(.text)
    delay_us                                 0x080032d7   Thumb Code    72  delay.o(.text)
    delay_ms                                 0x0800331f   Thumb Code    72  delay.o(.text)
    _sys_exit                                0x08003379   Thumb Code     6  usart.o(.text)
    _ttywrch                                 0x0800337f   Thumb Code     6  usart.o(.text)
    fputc                                    0x08003385   Thumb Code    24  usart.o(.text)
    uart_init                                0x0800339d   Thumb Code   152  usart.o(.text)
    USART1_IRQHandler                        0x08003435   Thumb Code   122  usart.o(.text)
    Reset_Handler                            0x080034c1   Thumb Code     8  startup_stm32f10x_hd.o(.text)
    ADC1_2_IRQHandler                        0x080034db   Thumb Code     0  startup_stm32f10x_hd.o(.text)
    ADC3_IRQHandler                          0x080034db   Thumb Code     0  startup_stm32f10x_hd.o(.text)
    CAN1_RX1_IRQHandler                      0x080034db   Thumb Code     0  startup_stm32f10x_hd.o(.text)
    CAN1_SCE_IRQHandler                      0x080034db   Thumb Code     0  startup_stm32f10x_hd.o(.text)
    DMA1_Channel1_IRQHandler                 0x080034db   Thumb Code     0  startup_stm32f10x_hd.o(.text)
    DMA1_Channel2_IRQHandler                 0x080034db   Thumb Code     0  startup_stm32f10x_hd.o(.text)
    DMA1_Channel3_IRQHandler                 0x080034db   Thumb Code     0  startup_stm32f10x_hd.o(.text)
    DMA1_Channel4_IRQHandler                 0x080034db   Thumb Code     0  startup_stm32f10x_hd.o(.text)
    DMA1_Channel5_IRQHandler                 0x080034db   Thumb Code     0  startup_stm32f10x_hd.o(.text)
    DMA1_Channel6_IRQHandler                 0x080034db   Thumb Code     0  startup_stm32f10x_hd.o(.text)
    DMA1_Channel7_IRQHandler                 0x080034db   Thumb Code     0  startup_stm32f10x_hd.o(.text)
    DMA2_Channel1_IRQHandler                 0x080034db   Thumb Code     0  startup_stm32f10x_hd.o(.text)
    DMA2_Channel2_IRQHandler                 0x080034db   Thumb Code     0  startup_stm32f10x_hd.o(.text)
    DMA2_Channel3_IRQHandler                 0x080034db   Thumb Code     0  startup_stm32f10x_hd.o(.text)
    DMA2_Channel4_5_IRQHandler               0x080034db   Thumb Code     0  startup_stm32f10x_hd.o(.text)
    EXTI0_IRQHandler                         0x080034db   Thumb Code     0  startup_stm32f10x_hd.o(.text)
    EXTI15_10_IRQHandler                     0x080034db   Thumb Code     0  startup_stm32f10x_hd.o(.text)
    EXTI1_IRQHandler                         0x080034db   Thumb Code     0  startup_stm32f10x_hd.o(.text)
    EXTI2_IRQHandler                         0x080034db   Thumb Code     0  startup_stm32f10x_hd.o(.text)
    EXTI3_IRQHandler                         0x080034db   Thumb Code     0  startup_stm32f10x_hd.o(.text)
    EXTI4_IRQHandler                         0x080034db   Thumb Code     0  startup_stm32f10x_hd.o(.text)
    EXTI9_5_IRQHandler                       0x080034db   Thumb Code     0  startup_stm32f10x_hd.o(.text)
    FLASH_IRQHandler                         0x080034db   Thumb Code     0  startup_stm32f10x_hd.o(.text)
    FSMC_IRQHandler                          0x080034db   Thumb Code     0  startup_stm32f10x_hd.o(.text)
    I2C1_ER_IRQHandler                       0x080034db   Thumb Code     0  startup_stm32f10x_hd.o(.text)
    I2C1_EV_IRQHandler                       0x080034db   Thumb Code     0  startup_stm32f10x_hd.o(.text)
    I2C2_ER_IRQHandler                       0x080034db   Thumb Code     0  startup_stm32f10x_hd.o(.text)
    I2C2_EV_IRQHandler                       0x080034db   Thumb Code     0  startup_stm32f10x_hd.o(.text)
    PVD_IRQHandler                           0x080034db   Thumb Code     0  startup_stm32f10x_hd.o(.text)
    RCC_IRQHandler                           0x080034db   Thumb Code     0  startup_stm32f10x_hd.o(.text)
    RTCAlarm_IRQHandler                      0x080034db   Thumb Code     0  startup_stm32f10x_hd.o(.text)
    RTC_IRQHandler                           0x080034db   Thumb Code     0  startup_stm32f10x_hd.o(.text)
    SDIO_IRQHandler                          0x080034db   Thumb Code     0  startup_stm32f10x_hd.o(.text)
    SPI1_IRQHandler                          0x080034db   Thumb Code     0  startup_stm32f10x_hd.o(.text)
    SPI2_IRQHandler                          0x080034db   Thumb Code     0  startup_stm32f10x_hd.o(.text)
    SPI3_IRQHandler                          0x080034db   Thumb Code     0  startup_stm32f10x_hd.o(.text)
    TAMPER_IRQHandler                        0x080034db   Thumb Code     0  startup_stm32f10x_hd.o(.text)
    TIM1_BRK_IRQHandler                      0x080034db   Thumb Code     0  startup_stm32f10x_hd.o(.text)
    TIM1_CC_IRQHandler                       0x080034db   Thumb Code     0  startup_stm32f10x_hd.o(.text)
    TIM1_TRG_COM_IRQHandler                  0x080034db   Thumb Code     0  startup_stm32f10x_hd.o(.text)
    TIM1_UP_IRQHandler                       0x080034db   Thumb Code     0  startup_stm32f10x_hd.o(.text)
    TIM2_IRQHandler                          0x080034db   Thumb Code     0  startup_stm32f10x_hd.o(.text)
    TIM3_IRQHandler                          0x080034db   Thumb Code     0  startup_stm32f10x_hd.o(.text)
    TIM4_IRQHandler                          0x080034db   Thumb Code     0  startup_stm32f10x_hd.o(.text)
    TIM5_IRQHandler                          0x080034db   Thumb Code     0  startup_stm32f10x_hd.o(.text)
    TIM6_IRQHandler                          0x080034db   Thumb Code     0  startup_stm32f10x_hd.o(.text)
    TIM7_IRQHandler                          0x080034db   Thumb Code     0  startup_stm32f10x_hd.o(.text)
    TIM8_BRK_IRQHandler                      0x080034db   Thumb Code     0  startup_stm32f10x_hd.o(.text)
    TIM8_CC_IRQHandler                       0x080034db   Thumb Code     0  startup_stm32f10x_hd.o(.text)
    TIM8_TRG_COM_IRQHandler                  0x080034db   Thumb Code     0  startup_stm32f10x_hd.o(.text)
    TIM8_UP_IRQHandler                       0x080034db   Thumb Code     0  startup_stm32f10x_hd.o(.text)
    UART4_IRQHandler                         0x080034db   Thumb Code     0  startup_stm32f10x_hd.o(.text)
    UART5_IRQHandler                         0x080034db   Thumb Code     0  startup_stm32f10x_hd.o(.text)
    USART3_IRQHandler                        0x080034db   Thumb Code     0  startup_stm32f10x_hd.o(.text)
    USBWakeUp_IRQHandler                     0x080034db   Thumb Code     0  startup_stm32f10x_hd.o(.text)
    USB_HP_CAN1_TX_IRQHandler                0x080034db   Thumb Code     0  startup_stm32f10x_hd.o(.text)
    USB_LP_CAN1_RX0_IRQHandler               0x080034db   Thumb Code     0  startup_stm32f10x_hd.o(.text)
    WWDG_IRQHandler                          0x080034db   Thumb Code     0  startup_stm32f10x_hd.o(.text)
    __user_initial_stackheap                 0x080034dd   Thumb Code     0  startup_stm32f10x_hd.o(.text)
    NVIC_PriorityGroupConfig                 0x08003501   Thumb Code    10  misc.o(.text)
    NVIC_Init                                0x0800350b   Thumb Code   100  misc.o(.text)
    NVIC_SetVectorTable                      0x0800356f   Thumb Code    14  misc.o(.text)
    NVIC_SystemLPConfig                      0x0800357d   Thumb Code    34  misc.o(.text)
    SysTick_CLKSourceConfig                  0x0800359f   Thumb Code    40  misc.o(.text)
    GPIO_DeInit                              0x080035dd   Thumb Code   172  stm32f10x_gpio.o(.text)
    GPIO_AFIODeInit                          0x08003689   Thumb Code    20  stm32f10x_gpio.o(.text)
    GPIO_Init                                0x0800369d   Thumb Code   278  stm32f10x_gpio.o(.text)
    GPIO_StructInit                          0x080037b3   Thumb Code    16  stm32f10x_gpio.o(.text)
    GPIO_ReadInputDataBit                    0x080037c3   Thumb Code    18  stm32f10x_gpio.o(.text)
    GPIO_ReadInputData                       0x080037d5   Thumb Code     8  stm32f10x_gpio.o(.text)
    GPIO_ReadOutputDataBit                   0x080037dd   Thumb Code    18  stm32f10x_gpio.o(.text)
    GPIO_ReadOutputData                      0x080037ef   Thumb Code     8  stm32f10x_gpio.o(.text)
    GPIO_SetBits                             0x080037f7   Thumb Code     4  stm32f10x_gpio.o(.text)
    GPIO_ResetBits                           0x080037fb   Thumb Code     4  stm32f10x_gpio.o(.text)
    GPIO_WriteBit                            0x080037ff   Thumb Code    10  stm32f10x_gpio.o(.text)
    GPIO_Write                               0x08003809   Thumb Code     4  stm32f10x_gpio.o(.text)
    GPIO_PinLockConfig                       0x0800380d   Thumb Code    18  stm32f10x_gpio.o(.text)
    GPIO_EventOutputConfig                   0x0800381f   Thumb Code    26  stm32f10x_gpio.o(.text)
    GPIO_EventOutputCmd                      0x08003839   Thumb Code     6  stm32f10x_gpio.o(.text)
    GPIO_PinRemapConfig                      0x0800383f   Thumb Code   138  stm32f10x_gpio.o(.text)
    GPIO_EXTILineConfig                      0x080038c9   Thumb Code    66  stm32f10x_gpio.o(.text)
    GPIO_ETH_MediaInterfaceConfig            0x0800390b   Thumb Code     8  stm32f10x_gpio.o(.text)
    RCC_DeInit                               0x08003939   Thumb Code    64  stm32f10x_rcc.o(.text)
    RCC_HSEConfig                            0x08003979   Thumb Code    70  stm32f10x_rcc.o(.text)
    RCC_GetFlagStatus                        0x080039bf   Thumb Code    56  stm32f10x_rcc.o(.text)
    RCC_WaitForHSEStartUp                    0x080039f7   Thumb Code    56  stm32f10x_rcc.o(.text)
    RCC_AdjustHSICalibrationValue            0x08003a2f   Thumb Code    20  stm32f10x_rcc.o(.text)
    RCC_HSICmd                               0x08003a43   Thumb Code     6  stm32f10x_rcc.o(.text)
    RCC_PLLConfig                            0x08003a49   Thumb Code    24  stm32f10x_rcc.o(.text)
    RCC_PLLCmd                               0x08003a61   Thumb Code     6  stm32f10x_rcc.o(.text)
    RCC_SYSCLKConfig                         0x08003a67   Thumb Code    18  stm32f10x_rcc.o(.text)
    RCC_GetSYSCLKSource                      0x08003a79   Thumb Code    10  stm32f10x_rcc.o(.text)
    RCC_HCLKConfig                           0x08003a83   Thumb Code    18  stm32f10x_rcc.o(.text)
    RCC_PCLK1Config                          0x08003a95   Thumb Code    18  stm32f10x_rcc.o(.text)
    RCC_PCLK2Config                          0x08003aa7   Thumb Code    20  stm32f10x_rcc.o(.text)
    RCC_ITConfig                             0x08003abb   Thumb Code    26  stm32f10x_rcc.o(.text)
    RCC_USBCLKConfig                         0x08003ad5   Thumb Code     8  stm32f10x_rcc.o(.text)
    RCC_ADCCLKConfig                         0x08003add   Thumb Code    18  stm32f10x_rcc.o(.text)
    RCC_LSEConfig                            0x08003aef   Thumb Code    50  stm32f10x_rcc.o(.text)
    RCC_LSICmd                               0x08003b21   Thumb Code     6  stm32f10x_rcc.o(.text)
    RCC_RTCCLKConfig                         0x08003b27   Thumb Code    12  stm32f10x_rcc.o(.text)
    RCC_RTCCLKCmd                            0x08003b33   Thumb Code     8  stm32f10x_rcc.o(.text)
    RCC_GetClocksFreq                        0x08003b3b   Thumb Code   192  stm32f10x_rcc.o(.text)
    RCC_AHBPeriphClockCmd                    0x08003bfb   Thumb Code    26  stm32f10x_rcc.o(.text)
    RCC_APB2PeriphClockCmd                   0x08003c15   Thumb Code    26  stm32f10x_rcc.o(.text)
    RCC_APB1PeriphClockCmd                   0x08003c2f   Thumb Code    26  stm32f10x_rcc.o(.text)
    RCC_APB2PeriphResetCmd                   0x08003c49   Thumb Code    26  stm32f10x_rcc.o(.text)
    RCC_APB1PeriphResetCmd                   0x08003c63   Thumb Code    26  stm32f10x_rcc.o(.text)
    RCC_BackupResetCmd                       0x08003c7d   Thumb Code     8  stm32f10x_rcc.o(.text)
    RCC_ClockSecuritySystemCmd               0x08003c85   Thumb Code     6  stm32f10x_rcc.o(.text)
    RCC_MCOConfig                            0x08003c8b   Thumb Code     6  stm32f10x_rcc.o(.text)
    RCC_ClearFlag                            0x08003c91   Thumb Code    14  stm32f10x_rcc.o(.text)
    RCC_GetITStatus                          0x08003c9f   Thumb Code    20  stm32f10x_rcc.o(.text)
    RCC_ClearITPendingBit                    0x08003cb3   Thumb Code     6  stm32f10x_rcc.o(.text)
    USART_DeInit                             0x08003cdd   Thumb Code   134  stm32f10x_usart.o(.text)
    USART_Init                               0x08003d63   Thumb Code   210  stm32f10x_usart.o(.text)
    USART_StructInit                         0x08003e35   Thumb Code    24  stm32f10x_usart.o(.text)
    USART_ClockInit                          0x08003e4d   Thumb Code    34  stm32f10x_usart.o(.text)
    USART_ClockStructInit                    0x08003e6f   Thumb Code    12  stm32f10x_usart.o(.text)
    USART_Cmd                                0x08003e7b   Thumb Code    24  stm32f10x_usart.o(.text)
    USART_ITConfig                           0x08003e93   Thumb Code    74  stm32f10x_usart.o(.text)
    USART_DMACmd                             0x08003edd   Thumb Code    18  stm32f10x_usart.o(.text)
    USART_SetAddress                         0x08003eef   Thumb Code    18  stm32f10x_usart.o(.text)
    USART_WakeUpConfig                       0x08003f01   Thumb Code    18  stm32f10x_usart.o(.text)
    USART_ReceiverWakeUpCmd                  0x08003f13   Thumb Code    24  stm32f10x_usart.o(.text)
    USART_LINBreakDetectLengthConfig         0x08003f2b   Thumb Code    18  stm32f10x_usart.o(.text)
    USART_LINCmd                             0x08003f3d   Thumb Code    24  stm32f10x_usart.o(.text)
    USART_SendData                           0x08003f55   Thumb Code     8  stm32f10x_usart.o(.text)
    USART_ReceiveData                        0x08003f5d   Thumb Code    10  stm32f10x_usart.o(.text)
    USART_SendBreak                          0x08003f67   Thumb Code    10  stm32f10x_usart.o(.text)
    USART_SetGuardTime                       0x08003f71   Thumb Code    16  stm32f10x_usart.o(.text)
    USART_SetPrescaler                       0x08003f81   Thumb Code    16  stm32f10x_usart.o(.text)
    USART_SmartCardCmd                       0x08003f91   Thumb Code    24  stm32f10x_usart.o(.text)
    USART_SmartCardNACKCmd                   0x08003fa9   Thumb Code    24  stm32f10x_usart.o(.text)
    USART_HalfDuplexCmd                      0x08003fc1   Thumb Code    24  stm32f10x_usart.o(.text)
    USART_OverSampling8Cmd                   0x08003fd9   Thumb Code    22  stm32f10x_usart.o(.text)
    USART_OneBitMethodCmd                    0x08003fef   Thumb Code    24  stm32f10x_usart.o(.text)
    USART_IrDAConfig                         0x08004007   Thumb Code    18  stm32f10x_usart.o(.text)
    USART_IrDACmd                            0x08004019   Thumb Code    24  stm32f10x_usart.o(.text)
    USART_GetFlagStatus                      0x08004031   Thumb Code    26  stm32f10x_usart.o(.text)
    USART_ClearFlag                          0x0800404b   Thumb Code    18  stm32f10x_usart.o(.text)
    USART_GetITStatus                        0x0800405d   Thumb Code    84  stm32f10x_usart.o(.text)
    USART_ClearITPendingBit                  0x080040b1   Thumb Code    52  stm32f10x_usart.o(.text)
    ADC_DeInit                               0x080040e5   Thumb Code    78  stm32f10x_adc.o(.text)
    ADC_Init                                 0x08004133   Thumb Code    70  stm32f10x_adc.o(.text)
    ADC_StructInit                           0x08004179   Thumb Code    18  stm32f10x_adc.o(.text)
    ADC_Cmd                                  0x0800418b   Thumb Code    22  stm32f10x_adc.o(.text)
    ADC_DMACmd                               0x080041a1   Thumb Code    22  stm32f10x_adc.o(.text)
    ADC_ITConfig                             0x080041b7   Thumb Code    24  stm32f10x_adc.o(.text)
    ADC_ResetCalibration                     0x080041cf   Thumb Code    10  stm32f10x_adc.o(.text)
    ADC_GetResetCalibrationStatus            0x080041d9   Thumb Code    20  stm32f10x_adc.o(.text)
    ADC_StartCalibration                     0x080041ed   Thumb Code    10  stm32f10x_adc.o(.text)
    ADC_GetCalibrationStatus                 0x080041f7   Thumb Code    20  stm32f10x_adc.o(.text)
    ADC_SoftwareStartConvCmd                 0x0800420b   Thumb Code    22  stm32f10x_adc.o(.text)
    ADC_GetSoftwareStartConvStatus           0x08004221   Thumb Code    20  stm32f10x_adc.o(.text)
    ADC_DiscModeChannelCountConfig           0x08004235   Thumb Code    24  stm32f10x_adc.o(.text)
    ADC_DiscModeCmd                          0x0800424d   Thumb Code    22  stm32f10x_adc.o(.text)
    ADC_RegularChannelConfig                 0x08004263   Thumb Code   184  stm32f10x_adc.o(.text)
    ADC_ExternalTrigConvCmd                  0x0800431b   Thumb Code    22  stm32f10x_adc.o(.text)
    ADC_GetConversionValue                   0x08004331   Thumb Code     8  stm32f10x_adc.o(.text)
    ADC_GetDualModeConversionValue           0x08004339   Thumb Code     8  stm32f10x_adc.o(.text)
    ADC_AutoInjectedConvCmd                  0x08004341   Thumb Code    22  stm32f10x_adc.o(.text)
    ADC_InjectedDiscModeCmd                  0x08004357   Thumb Code    22  stm32f10x_adc.o(.text)
    ADC_ExternalTrigInjectedConvConfig       0x0800436d   Thumb Code    16  stm32f10x_adc.o(.text)
    ADC_ExternalTrigInjectedConvCmd          0x0800437d   Thumb Code    22  stm32f10x_adc.o(.text)
    ADC_SoftwareStartInjectedConvCmd         0x08004393   Thumb Code    22  stm32f10x_adc.o(.text)
    ADC_GetSoftwareStartInjectedConvCmdStatus 0x080043a9   Thumb Code    20  stm32f10x_adc.o(.text)
    ADC_InjectedChannelConfig                0x080043bd   Thumb Code   130  stm32f10x_adc.o(.text)
    ADC_InjectedSequencerLengthConfig        0x0800443f   Thumb Code    24  stm32f10x_adc.o(.text)
    ADC_SetInjectedOffset                    0x08004457   Thumb Code    20  stm32f10x_adc.o(.text)
    ADC_GetInjectedConversionValue           0x0800446b   Thumb Code    28  stm32f10x_adc.o(.text)
    ADC_AnalogWatchdogCmd                    0x08004487   Thumb Code    16  stm32f10x_adc.o(.text)
    ADC_AnalogWatchdogThresholdsConfig       0x08004497   Thumb Code     6  stm32f10x_adc.o(.text)
    ADC_AnalogWatchdogSingleChannelConfig    0x0800449d   Thumb Code    16  stm32f10x_adc.o(.text)
    ADC_TempSensorVrefintCmd                 0x080044ad   Thumb Code    64  stm32f10x_adc.o(.text)
    ADC_GetFlagStatus                        0x080044ed   Thumb Code    18  stm32f10x_adc.o(.text)
    ADC_ClearFlag                            0x080044ff   Thumb Code     6  stm32f10x_adc.o(.text)
    ADC_GetITStatus                          0x08004505   Thumb Code    36  stm32f10x_adc.o(.text)
    ADC_ClearITPendingBit                    0x08004529   Thumb Code    10  stm32f10x_adc.o(.text)
    BKP_DeInit                               0x08004535   Thumb Code    16  stm32f10x_bkp.o(.text)
    BKP_TamperPinLevelConfig                 0x08004545   Thumb Code     6  stm32f10x_bkp.o(.text)
    BKP_TamperPinCmd                         0x0800454b   Thumb Code     8  stm32f10x_bkp.o(.text)
    BKP_ITConfig                             0x08004553   Thumb Code     8  stm32f10x_bkp.o(.text)
    BKP_RTCOutputConfig                      0x0800455b   Thumb Code    22  stm32f10x_bkp.o(.text)
    BKP_SetRTCCalibrationValue               0x08004571   Thumb Code    22  stm32f10x_bkp.o(.text)
    BKP_WriteBackupRegister                  0x08004587   Thumb Code    24  stm32f10x_bkp.o(.text)
    BKP_ReadBackupRegister                   0x0800459f   Thumb Code    26  stm32f10x_bkp.o(.text)
    BKP_GetFlagStatus                        0x080045b9   Thumb Code    10  stm32f10x_bkp.o(.text)
    BKP_ClearFlag                            0x080045c3   Thumb Code    18  stm32f10x_bkp.o(.text)
    BKP_GetITStatus                          0x080045d5   Thumb Code    10  stm32f10x_bkp.o(.text)
    BKP_ClearITPendingBit                    0x080045df   Thumb Code    18  stm32f10x_bkp.o(.text)
    PWR_DeInit                               0x080045f9   Thumb Code    22  stm32f10x_pwr.o(.text)
    PWR_BackupAccessCmd                      0x0800460f   Thumb Code     6  stm32f10x_pwr.o(.text)
    PWR_PVDCmd                               0x08004615   Thumb Code     6  stm32f10x_pwr.o(.text)
    PWR_PVDLevelConfig                       0x0800461b   Thumb Code    18  stm32f10x_pwr.o(.text)
    PWR_WakeUpPinCmd                         0x0800462d   Thumb Code     8  stm32f10x_pwr.o(.text)
    PWR_EnterSTOPMode                        0x08004635   Thumb Code    54  stm32f10x_pwr.o(.text)
    PWR_EnterSTANDBYMode                     0x0800466b   Thumb Code    42  stm32f10x_pwr.o(.text)
    PWR_GetFlagStatus                        0x08004695   Thumb Code    20  stm32f10x_pwr.o(.text)
    PWR_ClearFlag                            0x080046a9   Thumb Code    14  stm32f10x_pwr.o(.text)
    LCD_BGR2RGB                              0x080046c5   Thumb Code    26  gui.o(.text)
    Gui_Circle                               0x080046df   Thumb Code   300  gui.o(.text)
    Gui_DrawLine                             0x0800480b   Thumb Code   186  gui.o(.text)
    Gui_box                                  0x080048c5   Thumb Code   188  gui.o(.text)
    Gui_box2                                 0x08004981   Thumb Code   386  gui.o(.text)
    DisplayButtonDown                        0x08004b03   Thumb Code   130  gui.o(.text)
    DisplayButtonUp                          0x08004b85   Thumb Code   130  gui.o(.text)
    LCD_ShowChar                             0x08004c07   Thumb Code   118  gui.o(.text)
    Gui_DrawFont_GBK16                       0x08004c7d   Thumb Code   394  gui.o(.text)
    Gui_DrawFont_GBK24                       0x08004e07   Thumb Code   486  gui.o(.text)
    Gui_DrawFont_Num32                       0x08004fed   Thumb Code   140  gui.o(.text)
    mypow                                    0x08005079   Thumb Code    22  gui.o(.text)
    LCD_ShowNum                              0x0800508f   Thumb Code   132  gui.o(.text)
    LCD_ShowNum1                             0x08005113   Thumb Code   144  gui.o(.text)
    LCD_GPIO_Init                            0x080051a9   Thumb Code    74  lcd_driver.o(.text)
    SPI_WriteData                            0x080051f3   Thumb Code    62  lcd_driver.o(.text)
    Lcd_WriteIndex                           0x08005231   Thumb Code    32  lcd_driver.o(.text)
    Lcd_WriteData                            0x08005251   Thumb Code    34  lcd_driver.o(.text)
    LCD_WriteData_16Bit                      0x08005273   Thumb Code    40  lcd_driver.o(.text)
    Lcd_WriteReg                             0x0800529b   Thumb Code    20  lcd_driver.o(.text)
    Lcd_Reset                                0x080052af   Thumb Code    32  lcd_driver.o(.text)
    Lcd_Init                                 0x080052cf   Thumb Code   546  lcd_driver.o(.text)
    Lcd_SetRegion                            0x080054f1   Thumb Code    82  lcd_driver.o(.text)
    Lcd_SetXY                                0x08005543   Thumb Code    20  lcd_driver.o(.text)
    Gui_DrawPoint                            0x08005557   Thumb Code    32  lcd_driver.o(.text)
    Lcd_ReadPoint                            0x08005577   Thumb Code    24  lcd_driver.o(.text)
    Lcd_Clear                                0x0800558f   Thumb Code    58  lcd_driver.o(.text)
    __use_no_semihosting                     0x080055c9   Thumb Code     2  use_no_semi_2.o(.text)
    malloc                                   0x080055cb   Thumb Code    94  h1_alloc.o(.text)
    free                                     0x08005629   Thumb Code    78  h1_free.o(.text)
    __c89vsnprintf                           0x08005679   Thumb Code    48  c89vsnprintf.o(.text)
    __2printf                                0x080056ad   Thumb Code    20  __2printf.o(.text)
    __2sprintf                               0x080056c5   Thumb Code    38  __2sprintf.o(.text)
    _printf_str                              0x080056f1   Thumb Code    82  _printf_str.o(.text)
    _printf_int_dec                          0x08005745   Thumb Code   104  _printf_dec.o(.text)
    __printf                                 0x080057bd   Thumb Code   388  __printf_flags_ss_wp.o(.text)
    atoi                                     0x08005945   Thumb Code    26  atoi.o(.text)
    strchr                                   0x0800595f   Thumb Code    20  strchr.o(.text)
    strncat                                  0x08005973   Thumb Code    36  strncat.o(.text)
    strstr                                   0x08005997   Thumb Code    36  strstr.o(.text)
    strcpy                                   0x080059bb   Thumb Code    72  strcpy.o(.text)
    strlen                                   0x08005a03   Thumb Code    62  strlen.o(.text)
    strcat                                   0x08005a41   Thumb Code    24  strcat.o(.text)
    __aeabi_memcpy                           0x08005a59   Thumb Code     0  rt_memcpy_v6.o(.text)
    __rt_memcpy                              0x08005a59   Thumb Code   138  rt_memcpy_v6.o(.text)
    _memcpy_lastbytes                        0x08005abf   Thumb Code     0  rt_memcpy_v6.o(.text)
    __aeabi_memclr                           0x08005ae3   Thumb Code     0  rt_memclr.o(.text)
    __rt_memclr                              0x08005ae3   Thumb Code    68  rt_memclr.o(.text)
    _memset                                  0x08005ae7   Thumb Code     0  rt_memclr.o(.text)
    __aeabi_memclr4                          0x08005b27   Thumb Code     0  rt_memclr_w.o(.text)
    __aeabi_memclr8                          0x08005b27   Thumb Code     0  rt_memclr_w.o(.text)
    __rt_memclr_w                            0x08005b27   Thumb Code    78  rt_memclr_w.o(.text)
    _memset_w                                0x08005b2b   Thumb Code     0  rt_memclr_w.o(.text)
    __use_two_region_memory                  0x08005b75   Thumb Code     2  heapauxi.o(.text)
    __rt_heap_escrow                         0x08005b77   Thumb Code     2  heapauxi.o(.text)
    __rt_heap_expand                         0x08005b79   Thumb Code     2  heapauxi.o(.text)
    __I$use$semihosting                      0x08005b7b   Thumb Code     0  use_no_semi.o(.text)
    __use_no_semihosting_swi                 0x08005b7b   Thumb Code     2  use_no_semi.o(.text)
    __rt_heap_descriptor                     0x08005b7d   Thumb Code     8  rt_heap_descriptor_intlibspace.o(.text)
    __aeabi_errno_addr                       0x08005b85   Thumb Code     8  rt_errno_addr_intlibspace.o(.text)
    __errno$intlibspace                      0x08005b85   Thumb Code     0  rt_errno_addr_intlibspace.o(.text)
    __rt_errno_addr$intlibspace              0x08005b85   Thumb Code     0  rt_errno_addr_intlibspace.o(.text)
    __use_no_heap                            0x08005b8d   Thumb Code     2  hguard.o(.text)
    __heap$guard                             0x08005b8f   Thumb Code     2  hguard.o(.text)
    _terminate_user_alloc                    0x08005b91   Thumb Code     2  init_alloc.o(.text)
    _init_user_alloc                         0x08005b93   Thumb Code     2  init_alloc.o(.text)
    __Heap_Full                              0x08005b95   Thumb Code    34  init_alloc.o(.text)
    __Heap_Broken                            0x08005bb7   Thumb Code     6  init_alloc.o(.text)
    _init_alloc                              0x08005bbd   Thumb Code    94  init_alloc.o(.text)
    __Heap_Initialize                        0x08005c1b   Thumb Code    10  h1_init.o(.text)
    __Heap_DescSize                          0x08005c25   Thumb Code     4  h1_init.o(.text)
    _printf_pre_padding                      0x08005c29   Thumb Code    44  _printf_pad.o(.text)
    _printf_post_padding                     0x08005c55   Thumb Code    34  _printf_pad.o(.text)
    _printf_truncate_signed                  0x08005c77   Thumb Code    18  _printf_truncate.o(.text)
    _printf_truncate_unsigned                0x08005c89   Thumb Code    18  _printf_truncate.o(.text)
    _printf_int_common                       0x08005c9b   Thumb Code   178  _printf_intcommon.o(.text)
    _printf_charcount                        0x08005d4d   Thumb Code    40  _printf_charcount.o(.text)
    _printf_char_common                      0x08005d7f   Thumb Code    32  _printf_char_common.o(.text)
    _sputc                                   0x08005da5   Thumb Code    10  _sputc.o(.text)
    _snputc                                  0x08005daf   Thumb Code    16  _snputc.o(.text)
    _printf_cs_common                        0x08005dbf   Thumb Code    20  _printf_char.o(.text)
    _printf_char                             0x08005dd3   Thumb Code    16  _printf_char.o(.text)
    _printf_string                           0x08005de3   Thumb Code     8  _printf_char.o(.text)
    _printf_char_file                        0x08005ded   Thumb Code    32  _printf_char_file.o(.text)
    _printf_wctomb                           0x08005e11   Thumb Code   182  _printf_wctomb.o(.text)
    _printf_longlong_dec                     0x08005ecd   Thumb Code   108  _printf_longlong_dec.o(.text)
    _printf_longlong_oct                     0x08005f49   Thumb Code    66  _printf_oct_int_ll.o(.text)
    _printf_int_oct                          0x08005f8b   Thumb Code    24  _printf_oct_int_ll.o(.text)
    _printf_ll_oct                           0x08005fa3   Thumb Code    12  _printf_oct_int_ll.o(.text)
    _printf_longlong_hex                     0x08005fb9   Thumb Code    86  _printf_hex_int_ll_ptr.o(.text)
    _printf_int_hex                          0x0800600f   Thumb Code    28  _printf_hex_int_ll_ptr.o(.text)
    _printf_ll_hex                           0x0800602b   Thumb Code    12  _printf_hex_int_ll_ptr.o(.text)
    _printf_hex_ptr                          0x08006037   Thumb Code    18  _printf_hex_int_ll_ptr.o(.text)
    strtol                                   0x0800604d   Thumb Code   112  strtol.o(.text)
    __aeabi_memcpy4                          0x080060bd   Thumb Code     0  rt_memcpy_w.o(.text)
    __aeabi_memcpy8                          0x080060bd   Thumb Code     0  rt_memcpy_w.o(.text)
    __rt_memcpy_w                            0x080060bd   Thumb Code   100  rt_memcpy_w.o(.text)
    _memcpy_lastbytes_aligned                0x08006105   Thumb Code     0  rt_memcpy_w.o(.text)
    __user_libspace                          0x08006121   Thumb Code     8  libspace.o(.text)
    __user_perproc_libspace                  0x08006121   Thumb Code     0  libspace.o(.text)
    __user_perthread_libspace                0x08006121   Thumb Code     0  libspace.o(.text)
    __rt_ctype_table                         0x08006129   Thumb Code    16  rt_ctype_table.o(.text)
    __Heap_ProvideMemory                     0x08006139   Thumb Code    52  h1_extend.o(.text)
    _ll_udiv10                               0x0800616d   Thumb Code   138  lludiv10.o(.text)
    __lib_sel_fp_printf                      0x080061f7   Thumb Code     2  _printf_fp_dec.o(.text)
    _printf_fp_dec_real                      0x080063a9   Thumb Code   620  _printf_fp_dec.o(.text)
    _printf_lcs_common                       0x08006615   Thumb Code    20  _printf_wchar.o(.text)
    _printf_wchar                            0x08006629   Thumb Code    16  _printf_wchar.o(.text)
    _printf_wstring                          0x08006639   Thumb Code     8  _printf_wchar.o(.text)
    _strtoul                                 0x08006641   Thumb Code   158  _strtoul.o(.text)
    ferror                                   0x080066df   Thumb Code     8  ferror.o(.text)
    _wcrtomb                                 0x080066e7   Thumb Code    64  _wcrtomb.o(.text)
    __rt_SIGRTMEM                            0x08006727   Thumb Code    14  defsig_rtmem_outer.o(.text)
    __user_setup_stackheap                   0x08006735   Thumb Code    74  sys_stackheap_outer.o(.text)
    __rt_locale                              0x08006781   Thumb Code     8  rt_locale_intlibspace.o(.text)
    _printf_fp_infnan                        0x08006789   Thumb Code   112  _printf_fp_infnan.o(.text)
    _chval                                   0x08006809   Thumb Code    28  _chval.o(.text)
    _btod_etento                             0x08006825   Thumb Code   224  bigflt0.o(.text)
    exit                                     0x08006909   Thumb Code    18  exit.o(.text)
    __sig_exit                               0x0800691b   Thumb Code    10  defsig_exit.o(.text)
    __rt_SIGRTMEM_inner                      0x08006925   Thumb Code    22  defsig_rtmem_inner.o(.text)
    __default_signal_display                 0x08006975   Thumb Code    50  defsig_general.o(.text)
    strcmp                                   0x080069a9   Thumb Code   128  strcmpv7m.o(.text)
    _btod_d2e                                0x08006a29   Thumb Code    62  btod.o(CL$$btod_d2e)
    _d2e_denorm_low                          0x08006a67   Thumb Code    70  btod.o(CL$$btod_d2e_denorm_low)
    _d2e_norm_op1                            0x08006aad   Thumb Code    96  btod.o(CL$$btod_d2e_norm_op1)
    __btod_div_common                        0x08006b0d   Thumb Code   696  btod.o(CL$$btod_div_common)
    _e2e                                     0x08006e45   Thumb Code   220  btod.o(CL$$btod_e2e)
    _btod_ediv                               0x08006f21   Thumb Code    42  btod.o(CL$$btod_ediv)
    _btod_emul                               0x08006f4b   Thumb Code    42  btod.o(CL$$btod_emul)
    __btod_mult_common                       0x08006f75   Thumb Code   580  btod.o(CL$$btod_mult_common)
    __ARM_fpclassify                         0x080071b9   Thumb Code    40  fpclassify.o(i.__ARM_fpclassify)
    _is_digit                                0x080071e1   Thumb Code    14  __printf_wp.o(i._is_digit)
    _get_lc_ctype                            0x080071f1   Thumb Code    44  lc_ctype_c.o(locale$$code)
    _get_lc_numeric                          0x0800721d   Thumb Code    44  lc_numeric_c.o(locale$$code)
    __aeabi_dadd                             0x08007249   Thumb Code     0  daddsub_clz.o(x$fpl$dadd)
    _dadd                                    0x08007249   Thumb Code   332  daddsub_clz.o(x$fpl$dadd)
    __aeabi_ddiv                             0x08007399   Thumb Code     0  ddiv.o(x$fpl$ddiv)
    _ddiv                                    0x08007399   Thumb Code   552  ddiv.o(x$fpl$ddiv)
    __aeabi_d2uiz                            0x08007649   Thumb Code     0  dfixu.o(x$fpl$dfixu)
    _dfixu                                   0x08007649   Thumb Code    90  dfixu.o(x$fpl$dfixu)
    __aeabi_i2d                              0x080076a3   Thumb Code     0  dflt_clz.o(x$fpl$dflt)
    _dflt                                    0x080076a3   Thumb Code    46  dflt_clz.o(x$fpl$dflt)
    __aeabi_dmul                             0x080076d1   Thumb Code     0  dmul.o(x$fpl$dmul)
    _dmul                                    0x080076d1   Thumb Code   332  dmul.o(x$fpl$dmul)
    __fpl_dnaninf                            0x08007825   Thumb Code   156  dnaninf.o(x$fpl$dnaninf)
    __fpl_dretinf                            0x080078c1   Thumb Code    12  dretinf.o(x$fpl$dretinf)
    __aeabi_drsub                            0x080078cd   Thumb Code     0  daddsub_clz.o(x$fpl$drsb)
    _drsb                                    0x080078cd   Thumb Code    22  daddsub_clz.o(x$fpl$drsb)
    __aeabi_dsub                             0x080078e5   Thumb Code     0  daddsub_clz.o(x$fpl$dsub)
    _dsub                                    0x080078e5   Thumb Code   464  daddsub_clz.o(x$fpl$dsub)
    __aeabi_f2d                              0x08007ab9   Thumb Code     0  f2d.o(x$fpl$f2d)
    _f2d                                     0x08007ab9   Thumb Code    86  f2d.o(x$fpl$f2d)
    __aeabi_fadd                             0x08007b11   Thumb Code     0  faddsub_clz.o(x$fpl$fadd)
    _fadd                                    0x08007b11   Thumb Code   196  faddsub_clz.o(x$fpl$fadd)
    __aeabi_fdiv                             0x08007bd5   Thumb Code     0  fdiv.o(x$fpl$fdiv)
    _fdiv                                    0x08007bd5   Thumb Code   384  fdiv.o(x$fpl$fdiv)
    __aeabi_f2uiz                            0x08007d59   Thumb Code     0  ffixu.o(x$fpl$ffixu)
    _ffixu                                   0x08007d59   Thumb Code    62  ffixu.o(x$fpl$ffixu)
    __aeabi_ui2f                             0x08007d99   Thumb Code     0  fflt_clz.o(x$fpl$ffltu)
    _ffltu                                   0x08007d99   Thumb Code    38  fflt_clz.o(x$fpl$ffltu)
    __aeabi_fmul                             0x08007dc1   Thumb Code     0  fmul.o(x$fpl$fmul)
    _fmul                                    0x08007dc1   Thumb Code   258  fmul.o(x$fpl$fmul)
    __fpl_fnaninf                            0x08007ec3   Thumb Code   140  fnaninf.o(x$fpl$fnaninf)
    __fpl_fretinf                            0x08007f4f   Thumb Code    10  fretinf.o(x$fpl$fretinf)
    __aeabi_fsub                             0x08007f59   Thumb Code     0  faddsub_clz.o(x$fpl$fsub)
    _fsub                                    0x08007f59   Thumb Code   234  faddsub_clz.o(x$fpl$fsub)
    _printf_fp_dec                           0x08008043   Thumb Code     4  printf1.o(x$fpl$printf1)
    __I$use$fp                               0x08008046   Number         0  usenofp.o(x$fpl$usenofp)
    asc16                                    0x08008046   Data        1521  gui.o(.constdata)
    sz32                                     0x08008637   Data        1921  gui.o(.constdata)
    hz16                                     0x08008db8   Data        1666  gui.o(.constdata)
    hz24                                     0x0800943a   Data        1406  gui.o(.constdata)
    Region$$Table$$Base                      0x08009a90   Number         0  anon$$obj.o(Region$$Table)
    Region$$Table$$Limit                     0x08009ab0   Number         0  anon$$obj.o(Region$$Table)
    __ctype                                  0x08009abd   Data           0  lc_ctype_c.o(locale$$data)
    Water_pump_KEY                           0x20000000   Data           1  main.o(.data)
    FAN_KEY                                  0x20000001   Data           1  main.o(.data)
    LED_KEY                                  0x20000002   Data           1  main.o(.data)
    Water_pump_onenet                        0x20000003   Data           1  main.o(.data)
    FAN_onenet                               0x20000004   Data           1  main.o(.data)
    LED_onenet                               0x20000005   Data           1  main.o(.data)
    Onenet_control                           0x20000006   Data           1  main.o(.data)
    Onenet_succes                            0x20000007   Data           1  main.o(.data)
    temp                                     0x20000008   Data           1  main.o(.data)
    key                                      0x20000009   Data           1  main.o(.data)
    MeasureMode                              0x2000000a   Data           1  main.o(.data)
    Status                                   0x2000000b   Data           1  main.o(.data)
    Error_ID                                 0x2000000c   Data           1  main.o(.data)
    CCS                                      0x2000000e   Data           8  main.o(.data)
    flags                                    0x20000016   Data           1  main.o(.data)
    counts                                   0x20000017   Data           1  main.o(.data)
    threshold_sta                            0x20000018   Data           1  main.o(.data)
    threshold_sta_control                    0x20000019   Data           1  main.o(.data)
    threshold_flag                           0x2000001a   Data           1  main.o(.data)
    Gui_mode                                 0x2000001b   Data           1  main.o(.data)
    control_mode                             0x2000001c   Data           1  main.o(.data)
    Gui_mode_last                            0x2000001d   Data           1  main.o(.data)
    control_mode_last                        0x2000001e   Data           1  main.o(.data)
    SystemCoreClock                          0x20000020   Data           4  system_stm32f10x.o(.data)
    AHBPrescTable                            0x20000024   Data          16  system_stm32f10x.o(.data)
    esp8266_cnt                              0x20000034   Data           2  esp8266.o(.data)
    esp8266_cntPre                           0x20000036   Data           2  esp8266.o(.data)
    onenet_num                               0x20000038   Data           1  onenet.o(.data)
    BUF                                      0x2000003c   Data           8  bh1750.o(.data)
    lux                                      0x20000044   Data           4  bh1750.o(.data)
    __stdout                                 0x20000050   Data           4  usart.o(.data)
    USART_RX_STA                             0x20000054   Data           2  usart.o(.data)
    BUUF                                     0x2000006c   Data          12  main.o(.bss)
    Information                              0x20000078   Data          10  main.o(.bss)
    esp8266_buf                              0x20000082   Data         128  esp8266.o(.bss)
    SUR_status                               0x20000102   Data          26  onenet.o(.bss)
    USART_RX_BUF                             0x2000011c   Data         200  usart.o(.bss)
    __libspace_start                         0x200001e4   Data          96  libspace.o(.bss)
    __temporary_stack_top$libspace           0x20000244   Data           0  libspace.o(.bss)



==============================================================================

Memory Map of the image

  Image Entry point : 0x08000131

  Load Region LR_IROM1 (Base: 0x08000000, Size: 0x00009c48, Max: 0x00010000, ABSOLUTE)

    Execution Region ER_IROM1 (Exec base: 0x08000000, Load base: 0x08000000, Size: 0x00009bdc, Max: 0x00010000, ABSOLUTE)

    Exec Addr    Load Addr    Size         Type   Attr      Idx    E Section Name        Object

    0x08000000   0x08000000   0x00000130   Data   RO          521    RESET               startup_stm32f10x_hd.o
    0x08000130   0x08000130   0x00000008   Code   RO          817  * !!!main             c_w.l(__main.o)
    0x08000138   0x08000138   0x00000034   Code   RO         1217    !!!scatter          c_w.l(__scatter.o)
    0x0800016c   0x0800016c   0x0000001a   Code   RO         1219    !!handler_copy      c_w.l(__scatter_copy.o)
    0x08000186   0x08000186   0x00000002   PAD
    0x08000188   0x08000188   0x0000001c   Code   RO         1221    !!handler_zi        c_w.l(__scatter_zi.o)
    0x080001a4   0x080001a4   0x00000000   Code   RO          794    .ARM.Collect$$_printf_percent$$00000000  c_w.l(_printf_percent.o)
    0x080001a4   0x080001a4   0x00000006   Code   RO          951    .ARM.Collect$$_printf_percent$$00000001  c_w.l(_printf_n.o)
    0x080001aa   0x080001aa   0x00000006   Code   RO          953    .ARM.Collect$$_printf_percent$$00000002  c_w.l(_printf_p.o)
    0x080001b0   0x080001b0   0x00000006   Code   RO          957    .ARM.Collect$$_printf_percent$$00000003  c_w.l(_printf_f.o)
    0x080001b6   0x080001b6   0x00000006   Code   RO          958    .ARM.Collect$$_printf_percent$$00000004  c_w.l(_printf_e.o)
    0x080001bc   0x080001bc   0x00000006   Code   RO          959    .ARM.Collect$$_printf_percent$$00000005  c_w.l(_printf_g.o)
    0x080001c2   0x080001c2   0x00000006   Code   RO          960    .ARM.Collect$$_printf_percent$$00000006  c_w.l(_printf_a.o)
    0x080001c8   0x080001c8   0x0000000a   Code   RO          965    .ARM.Collect$$_printf_percent$$00000007  c_w.l(_printf_ll.o)
    0x080001d2   0x080001d2   0x00000006   Code   RO          955    .ARM.Collect$$_printf_percent$$00000008  c_w.l(_printf_i.o)
    0x080001d8   0x080001d8   0x00000006   Code   RO          793    .ARM.Collect$$_printf_percent$$00000009  c_w.l(_printf_d.o)
    0x080001de   0x080001de   0x00000006   Code   RO          956    .ARM.Collect$$_printf_percent$$0000000A  c_w.l(_printf_u.o)
    0x080001e4   0x080001e4   0x00000006   Code   RO          954    .ARM.Collect$$_printf_percent$$0000000B  c_w.l(_printf_o.o)
    0x080001ea   0x080001ea   0x00000006   Code   RO          952    .ARM.Collect$$_printf_percent$$0000000C  c_w.l(_printf_x.o)
    0x080001f0   0x080001f0   0x00000006   Code   RO          962    .ARM.Collect$$_printf_percent$$0000000D  c_w.l(_printf_lli.o)
    0x080001f6   0x080001f6   0x00000006   Code   RO          963    .ARM.Collect$$_printf_percent$$0000000E  c_w.l(_printf_lld.o)
    0x080001fc   0x080001fc   0x00000006   Code   RO          964    .ARM.Collect$$_printf_percent$$0000000F  c_w.l(_printf_llu.o)
    0x08000202   0x08000202   0x00000006   Code   RO          969    .ARM.Collect$$_printf_percent$$00000010  c_w.l(_printf_llo.o)
    0x08000208   0x08000208   0x00000006   Code   RO          970    .ARM.Collect$$_printf_percent$$00000011  c_w.l(_printf_llx.o)
    0x0800020e   0x0800020e   0x0000000a   Code   RO          966    .ARM.Collect$$_printf_percent$$00000012  c_w.l(_printf_l.o)
    0x08000218   0x08000218   0x00000006   Code   RO          950    .ARM.Collect$$_printf_percent$$00000013  c_w.l(_printf_c.o)
    0x0800021e   0x0800021e   0x00000006   Code   RO          792    .ARM.Collect$$_printf_percent$$00000014  c_w.l(_printf_s.o)
    0x08000224   0x08000224   0x00000006   Code   RO          967    .ARM.Collect$$_printf_percent$$00000015  c_w.l(_printf_lc.o)
    0x0800022a   0x0800022a   0x00000006   Code   RO          968    .ARM.Collect$$_printf_percent$$00000016  c_w.l(_printf_ls.o)
    0x08000230   0x08000230   0x00000004   Code   RO          961    .ARM.Collect$$_printf_percent$$00000017  c_w.l(_printf_percent_end.o)
    0x08000234   0x08000234   0x00000002   Code   RO         1152    .ARM.Collect$$libinit$$00000000  c_w.l(libinit.o)
    0x08000236   0x08000236   0x00000000   Code   RO          978    .ARM.Collect$$libinit$$00000002  c_w.l(libinit2.o)
    0x08000236   0x08000236   0x00000000   Code   RO          980    .ARM.Collect$$libinit$$00000004  c_w.l(libinit2.o)
    0x08000236   0x08000236   0x00000008   Code   RO          981    .ARM.Collect$$libinit$$00000005  c_w.l(libinit2.o)
    0x0800023e   0x0800023e   0x00000000   Code   RO          983    .ARM.Collect$$libinit$$0000000A  c_w.l(libinit2.o)
    0x0800023e   0x0800023e   0x00000000   Code   RO          985    .ARM.Collect$$libinit$$0000000C  c_w.l(libinit2.o)
    0x0800023e   0x0800023e   0x00000000   Code   RO          987    .ARM.Collect$$libinit$$0000000E  c_w.l(libinit2.o)
    0x0800023e   0x0800023e   0x00000006   Code   RO          988    .ARM.Collect$$libinit$$0000000F  c_w.l(libinit2.o)
    0x08000244   0x08000244   0x00000000   Code   RO          990    .ARM.Collect$$libinit$$00000011  c_w.l(libinit2.o)
    0x08000244   0x08000244   0x0000000c   Code   RO          991    .ARM.Collect$$libinit$$00000012  c_w.l(libinit2.o)
    0x08000250   0x08000250   0x00000000   Code   RO          992    .ARM.Collect$$libinit$$00000013  c_w.l(libinit2.o)
    0x08000250   0x08000250   0x00000000   Code   RO          994    .ARM.Collect$$libinit$$00000015  c_w.l(libinit2.o)
    0x08000250   0x08000250   0x0000000a   Code   RO          995    .ARM.Collect$$libinit$$00000016  c_w.l(libinit2.o)
    0x0800025a   0x0800025a   0x00000000   Code   RO          996    .ARM.Collect$$libinit$$00000017  c_w.l(libinit2.o)
    0x0800025a   0x0800025a   0x00000000   Code   RO          998    .ARM.Collect$$libinit$$00000019  c_w.l(libinit2.o)
    0x0800025a   0x0800025a   0x00000000   Code   RO         1000    .ARM.Collect$$libinit$$0000001B  c_w.l(libinit2.o)
    0x0800025a   0x0800025a   0x00000000   Code   RO         1002    .ARM.Collect$$libinit$$0000001D  c_w.l(libinit2.o)
    0x0800025a   0x0800025a   0x00000000   Code   RO         1004    .ARM.Collect$$libinit$$0000001F  c_w.l(libinit2.o)
    0x0800025a   0x0800025a   0x00000000   Code   RO         1006    .ARM.Collect$$libinit$$00000021  c_w.l(libinit2.o)
    0x0800025a   0x0800025a   0x00000000   Code   RO         1008    .ARM.Collect$$libinit$$00000023  c_w.l(libinit2.o)
    0x0800025a   0x0800025a   0x00000000   Code   RO         1010    .ARM.Collect$$libinit$$00000025  c_w.l(libinit2.o)
    0x0800025a   0x0800025a   0x00000000   Code   RO         1014    .ARM.Collect$$libinit$$0000002C  c_w.l(libinit2.o)
    0x0800025a   0x0800025a   0x00000000   Code   RO         1016    .ARM.Collect$$libinit$$0000002E  c_w.l(libinit2.o)
    0x0800025a   0x0800025a   0x00000000   Code   RO         1018    .ARM.Collect$$libinit$$00000030  c_w.l(libinit2.o)
    0x0800025a   0x0800025a   0x00000000   Code   RO         1020    .ARM.Collect$$libinit$$00000032  c_w.l(libinit2.o)
    0x0800025a   0x0800025a   0x00000002   Code   RO         1021    .ARM.Collect$$libinit$$00000033  c_w.l(libinit2.o)
    0x0800025c   0x0800025c   0x00000002   Code   RO         1214    .ARM.Collect$$libshutdown$$00000000  c_w.l(libshutdown.o)
    0x0800025e   0x0800025e   0x00000000   Code   RO         1170    .ARM.Collect$$libshutdown$$00000002  c_w.l(libshutdown2.o)
    0x0800025e   0x0800025e   0x00000000   Code   RO         1172    .ARM.Collect$$libshutdown$$00000004  c_w.l(libshutdown2.o)
    0x0800025e   0x0800025e   0x00000000   Code   RO         1174    .ARM.Collect$$libshutdown$$00000006  c_w.l(libshutdown2.o)
    0x0800025e   0x0800025e   0x00000000   Code   RO         1177    .ARM.Collect$$libshutdown$$00000009  c_w.l(libshutdown2.o)
    0x0800025e   0x0800025e   0x00000000   Code   RO         1180    .ARM.Collect$$libshutdown$$0000000C  c_w.l(libshutdown2.o)
    0x0800025e   0x0800025e   0x00000000   Code   RO         1182    .ARM.Collect$$libshutdown$$0000000E  c_w.l(libshutdown2.o)
    0x0800025e   0x0800025e   0x00000000   Code   RO         1185    .ARM.Collect$$libshutdown$$00000011  c_w.l(libshutdown2.o)
    0x0800025e   0x0800025e   0x00000002   Code   RO         1186    .ARM.Collect$$libshutdown$$00000012  c_w.l(libshutdown2.o)
    0x08000260   0x08000260   0x00000000   Code   RO          869    .ARM.Collect$$rtentry$$00000000  c_w.l(__rtentry.o)
    0x08000260   0x08000260   0x00000000   Code   RO         1039    .ARM.Collect$$rtentry$$00000002  c_w.l(__rtentry2.o)
    0x08000260   0x08000260   0x00000006   Code   RO         1051    .ARM.Collect$$rtentry$$00000004  c_w.l(__rtentry4.o)
    0x08000266   0x08000266   0x00000000   Code   RO         1041    .ARM.Collect$$rtentry$$00000009  c_w.l(__rtentry2.o)
    0x08000266   0x08000266   0x00000004   Code   RO         1042    .ARM.Collect$$rtentry$$0000000A  c_w.l(__rtentry2.o)
    0x0800026a   0x0800026a   0x00000000   Code   RO         1044    .ARM.Collect$$rtentry$$0000000C  c_w.l(__rtentry2.o)
    0x0800026a   0x0800026a   0x00000008   Code   RO         1045    .ARM.Collect$$rtentry$$0000000D  c_w.l(__rtentry2.o)
    0x08000272   0x08000272   0x00000002   Code   RO         1157    .ARM.Collect$$rtexit$$00000000  c_w.l(rtexit.o)
    0x08000274   0x08000274   0x00000000   Code   RO         1188    .ARM.Collect$$rtexit$$00000002  c_w.l(rtexit2.o)
    0x08000274   0x08000274   0x00000004   Code   RO         1189    .ARM.Collect$$rtexit$$00000003  c_w.l(rtexit2.o)
    0x08000278   0x08000278   0x00000006   Code   RO         1190    .ARM.Collect$$rtexit$$00000004  c_w.l(rtexit2.o)
    0x0800027e   0x0800027e   0x00000002   PAD
    0x08000280   0x08000280   0x00000000   Code   RO         1057    .emb_text           c_w.l(maybetermalloc1.o)
    0x08000280   0x08000280   0x00000cbc   Code   RO            1    .text               main.o
    0x08000f3c   0x08000f3c   0x0000001a   Code   RO          155    .text               stm32f10x_it.o
    0x08000f56   0x08000f56   0x00000002   PAD
    0x08000f58   0x08000f58   0x000001e0   Code   RO          170    .text               system_stm32f10x.o
    0x08001138   0x08001138   0x00000038   Code   RO          188    .text               switch.o
    0x08001170   0x08001170   0x000002a4   Code   RO          200    .text               esp8266.o
    0x08001414   0x08001414   0x00000738   Code   RO          308    .text               onenet.o
    0x08001b4c   0x08001b4c   0x000007d2   Code   RO          344    .text               edpkit.o
    0x0800231e   0x0800231e   0x00000002   PAD
    0x08002320   0x08002320   0x00000114   Code   RO          359    .text               usart2.o
    0x08002434   0x08002434   0x00000368   Code   RO          378    .text               bh1750.o
    0x0800279c   0x0800279c   0x000000e8   Code   RO          393    .text               adc.o
    0x08002884   0x08002884   0x000006fc   Code   RO          405    .text               iic.o
    0x08002f80   0x08002f80   0x000001f4   Code   RO          421    .text               dht11.o
    0x08003174   0x08003174   0x00000130   Code   RO          433    .text               key.o
    0x080032a4   0x080032a4   0x000000d4   Code   RO          449    .text               delay.o
    0x08003378   0x08003378   0x00000148   Code   RO          486    .text               usart.o
    0x080034c0   0x080034c0   0x00000040   Code   RO          522    .text               startup_stm32f10x_hd.o
    0x08003500   0x08003500   0x000000dc   Code   RO          526    .text               misc.o
    0x080035dc   0x080035dc   0x0000035c   Code   RO          538    .text               stm32f10x_gpio.o
    0x08003938   0x08003938   0x000003a4   Code   RO          550    .text               stm32f10x_rcc.o
    0x08003cdc   0x08003cdc   0x00000408   Code   RO          564    .text               stm32f10x_usart.o
    0x080040e4   0x080040e4   0x0000044e   Code   RO          588    .text               stm32f10x_adc.o
    0x08004532   0x08004532   0x00000002   PAD
    0x08004534   0x08004534   0x000000c4   Code   RO          636    .text               stm32f10x_bkp.o
    0x080045f8   0x080045f8   0x000000cc   Code   RO          648    .text               stm32f10x_pwr.o
    0x080046c4   0x080046c4   0x00000ae4   Code   RO          660    .text               gui.o
    0x080051a8   0x080051a8   0x00000420   Code   RO          678    .text               lcd_driver.o
    0x080055c8   0x080055c8   0x00000002   Code   RO          692    .text               c_w.l(use_no_semi_2.o)
    0x080055ca   0x080055ca   0x0000005e   Code   RO          698    .text               c_w.l(h1_alloc.o)
    0x08005628   0x08005628   0x0000004e   Code   RO          700    .text               c_w.l(h1_free.o)
    0x08005676   0x08005676   0x00000002   PAD
    0x08005678   0x08005678   0x00000034   Code   RO          756    .text               c_w.l(c89vsnprintf.o)
    0x080056ac   0x080056ac   0x00000018   Code   RO          758    .text               c_w.l(__2printf.o)
    0x080056c4   0x080056c4   0x0000002c   Code   RO          760    .text               c_w.l(__2sprintf.o)
    0x080056f0   0x080056f0   0x00000052   Code   RO          768    .text               c_w.l(_printf_str.o)
    0x08005742   0x08005742   0x00000002   PAD
    0x08005744   0x08005744   0x00000078   Code   RO          770    .text               c_w.l(_printf_dec.o)
    0x080057bc   0x080057bc   0x00000188   Code   RO          789    .text               c_w.l(__printf_flags_ss_wp.o)
    0x08005944   0x08005944   0x0000001a   Code   RO          795    .text               c_w.l(atoi.o)
    0x0800595e   0x0800595e   0x00000014   Code   RO          797    .text               c_w.l(strchr.o)
    0x08005972   0x08005972   0x00000024   Code   RO          799    .text               c_w.l(strncat.o)
    0x08005996   0x08005996   0x00000024   Code   RO          801    .text               c_w.l(strstr.o)
    0x080059ba   0x080059ba   0x00000048   Code   RO          803    .text               c_w.l(strcpy.o)
    0x08005a02   0x08005a02   0x0000003e   Code   RO          805    .text               c_w.l(strlen.o)
    0x08005a40   0x08005a40   0x00000018   Code   RO          807    .text               c_w.l(strcat.o)
    0x08005a58   0x08005a58   0x0000008a   Code   RO          809    .text               c_w.l(rt_memcpy_v6.o)
    0x08005ae2   0x08005ae2   0x00000044   Code   RO          811    .text               c_w.l(rt_memclr.o)
    0x08005b26   0x08005b26   0x0000004e   Code   RO          813    .text               c_w.l(rt_memclr_w.o)
    0x08005b74   0x08005b74   0x00000006   Code   RO          815    .text               c_w.l(heapauxi.o)
    0x08005b7a   0x08005b7a   0x00000002   Code   RO          865    .text               c_w.l(use_no_semi.o)
    0x08005b7c   0x08005b7c   0x00000008   Code   RO          873    .text               c_w.l(rt_heap_descriptor_intlibspace.o)
    0x08005b84   0x08005b84   0x00000008   Code   RO          878    .text               c_w.l(rt_errno_addr_intlibspace.o)
    0x08005b8c   0x08005b8c   0x00000004   Code   RO          880    .text               c_w.l(hguard.o)
    0x08005b90   0x08005b90   0x0000008a   Code   RO          882    .text               c_w.l(init_alloc.o)
    0x08005c1a   0x08005c1a   0x0000000e   Code   RO          886    .text               c_w.l(h1_init.o)
    0x08005c28   0x08005c28   0x0000004e   Code   RO          900    .text               c_w.l(_printf_pad.o)
    0x08005c76   0x08005c76   0x00000024   Code   RO          902    .text               c_w.l(_printf_truncate.o)
    0x08005c9a   0x08005c9a   0x000000b2   Code   RO          904    .text               c_w.l(_printf_intcommon.o)
    0x08005d4c   0x08005d4c   0x00000028   Code   RO          906    .text               c_w.l(_printf_charcount.o)
    0x08005d74   0x08005d74   0x00000030   Code   RO          908    .text               c_w.l(_printf_char_common.o)
    0x08005da4   0x08005da4   0x0000000a   Code   RO          910    .text               c_w.l(_sputc.o)
    0x08005dae   0x08005dae   0x00000010   Code   RO          912    .text               c_w.l(_snputc.o)
    0x08005dbe   0x08005dbe   0x0000002c   Code   RO          914    .text               c_w.l(_printf_char.o)
    0x08005dea   0x08005dea   0x00000002   PAD
    0x08005dec   0x08005dec   0x00000024   Code   RO          916    .text               c_w.l(_printf_char_file.o)
    0x08005e10   0x08005e10   0x000000bc   Code   RO          918    .text               c_w.l(_printf_wctomb.o)
    0x08005ecc   0x08005ecc   0x0000007c   Code   RO          921    .text               c_w.l(_printf_longlong_dec.o)
    0x08005f48   0x08005f48   0x00000070   Code   RO          927    .text               c_w.l(_printf_oct_int_ll.o)
    0x08005fb8   0x08005fb8   0x00000094   Code   RO          947    .text               c_w.l(_printf_hex_int_ll_ptr.o)
    0x0800604c   0x0800604c   0x00000070   Code   RO          971    .text               c_w.l(strtol.o)
    0x080060bc   0x080060bc   0x00000064   Code   RO          973    .text               c_w.l(rt_memcpy_w.o)
    0x08006120   0x08006120   0x00000008   Code   RO         1035    .text               c_w.l(libspace.o)
    0x08006128   0x08006128   0x00000010   Code   RO         1053    .text               c_w.l(rt_ctype_table.o)
    0x08006138   0x08006138   0x00000034   Code   RO         1059    .text               c_w.l(h1_extend.o)
    0x0800616c   0x0800616c   0x0000008a   Code   RO         1063    .text               c_w.l(lludiv10.o)
    0x080061f6   0x080061f6   0x0000041e   Code   RO         1065    .text               c_w.l(_printf_fp_dec.o)
    0x08006614   0x08006614   0x0000002c   Code   RO         1069    .text               c_w.l(_printf_wchar.o)
    0x08006640   0x08006640   0x0000009e   Code   RO         1071    .text               c_w.l(_strtoul.o)
    0x080066de   0x080066de   0x00000008   Code   RO         1073    .text               c_w.l(ferror.o)
    0x080066e6   0x080066e6   0x00000040   Code   RO         1077    .text               c_w.l(_wcrtomb.o)
    0x08006726   0x08006726   0x0000000e   Code   RO         1079    .text               c_w.l(defsig_rtmem_outer.o)
    0x08006734   0x08006734   0x0000004a   Code   RO         1091    .text               c_w.l(sys_stackheap_outer.o)
    0x0800677e   0x0800677e   0x00000002   PAD
    0x08006780   0x08006780   0x00000008   Code   RO         1098    .text               c_w.l(rt_locale_intlibspace.o)
    0x08006788   0x08006788   0x00000080   Code   RO         1102    .text               c_w.l(_printf_fp_infnan.o)
    0x08006808   0x08006808   0x0000001c   Code   RO         1104    .text               c_w.l(_chval.o)
    0x08006824   0x08006824   0x000000e4   Code   RO         1106    .text               c_w.l(bigflt0.o)
    0x08006908   0x08006908   0x00000012   Code   RO         1137    .text               c_w.l(exit.o)
    0x0800691a   0x0800691a   0x0000000a   Code   RO         1139    .text               c_w.l(defsig_exit.o)
    0x08006924   0x08006924   0x00000050   Code   RO         1141    .text               c_w.l(defsig_rtmem_inner.o)
    0x08006974   0x08006974   0x00000032   Code   RO         1165    .text               c_w.l(defsig_general.o)
    0x080069a6   0x080069a6   0x00000002   PAD
    0x080069a8   0x080069a8   0x00000080   Code   RO         1167    .text               c_w.l(strcmpv7m.o)
    0x08006a28   0x08006a28   0x0000003e   Code   RO         1109    CL$$btod_d2e        c_w.l(btod.o)
    0x08006a66   0x08006a66   0x00000046   Code   RO         1111    CL$$btod_d2e_denorm_low  c_w.l(btod.o)
    0x08006aac   0x08006aac   0x00000060   Code   RO         1110    CL$$btod_d2e_norm_op1  c_w.l(btod.o)
    0x08006b0c   0x08006b0c   0x00000338   Code   RO         1119    CL$$btod_div_common  c_w.l(btod.o)
    0x08006e44   0x08006e44   0x000000dc   Code   RO         1116    CL$$btod_e2e        c_w.l(btod.o)
    0x08006f20   0x08006f20   0x0000002a   Code   RO         1113    CL$$btod_ediv       c_w.l(btod.o)
    0x08006f4a   0x08006f4a   0x0000002a   Code   RO         1112    CL$$btod_emul       c_w.l(btod.o)
    0x08006f74   0x08006f74   0x00000244   Code   RO         1118    CL$$btod_mult_common  c_w.l(btod.o)
    0x080071b8   0x080071b8   0x00000028   Code   RO         1155    i.__ARM_fpclassify  m_ws.l(fpclassify.o)
    0x080071e0   0x080071e0   0x0000000e   Code   RO          782    i._is_digit         c_w.l(__printf_wp.o)
    0x080071ee   0x080071ee   0x00000002   PAD
    0x080071f0   0x080071f0   0x0000002c   Code   RO         1132    locale$$code        c_w.l(lc_ctype_c.o)
    0x0800721c   0x0800721c   0x0000002c   Code   RO         1135    locale$$code        c_w.l(lc_numeric_c.o)
    0x08007248   0x08007248   0x00000150   Code   RO          819    x$fpl$dadd          fz_ws.l(daddsub_clz.o)
    0x08007398   0x08007398   0x000002b0   Code   RO          826    x$fpl$ddiv          fz_ws.l(ddiv.o)
    0x08007648   0x08007648   0x0000005a   Code   RO          829    x$fpl$dfixu         fz_ws.l(dfixu.o)
    0x080076a2   0x080076a2   0x0000002e   Code   RO          834    x$fpl$dflt          fz_ws.l(dflt_clz.o)
    0x080076d0   0x080076d0   0x00000154   Code   RO          839    x$fpl$dmul          fz_ws.l(dmul.o)
    0x08007824   0x08007824   0x0000009c   Code   RO         1022    x$fpl$dnaninf       fz_ws.l(dnaninf.o)
    0x080078c0   0x080078c0   0x0000000c   Code   RO         1024    x$fpl$dretinf       fz_ws.l(dretinf.o)
    0x080078cc   0x080078cc   0x00000016   Code   RO          820    x$fpl$drsb          fz_ws.l(daddsub_clz.o)
    0x080078e2   0x080078e2   0x00000002   PAD
    0x080078e4   0x080078e4   0x000001d4   Code   RO          821    x$fpl$dsub          fz_ws.l(daddsub_clz.o)
    0x08007ab8   0x08007ab8   0x00000056   Code   RO          841    x$fpl$f2d           fz_ws.l(f2d.o)
    0x08007b0e   0x08007b0e   0x00000002   PAD
    0x08007b10   0x08007b10   0x000000c4   Code   RO          843    x$fpl$fadd          fz_ws.l(faddsub_clz.o)
    0x08007bd4   0x08007bd4   0x00000184   Code   RO          850    x$fpl$fdiv          fz_ws.l(fdiv.o)
    0x08007d58   0x08007d58   0x0000003e   Code   RO          853    x$fpl$ffixu         fz_ws.l(ffixu.o)
    0x08007d96   0x08007d96   0x00000002   PAD
    0x08007d98   0x08007d98   0x00000026   Code   RO          857    x$fpl$ffltu         fz_ws.l(fflt_clz.o)
    0x08007dbe   0x08007dbe   0x00000002   PAD
    0x08007dc0   0x08007dc0   0x00000102   Code   RO          863    x$fpl$fmul          fz_ws.l(fmul.o)
    0x08007ec2   0x08007ec2   0x0000008c   Code   RO         1026    x$fpl$fnaninf       fz_ws.l(fnaninf.o)
    0x08007f4e   0x08007f4e   0x0000000a   Code   RO         1028    x$fpl$fretinf       fz_ws.l(fretinf.o)
    0x08007f58   0x08007f58   0x000000ea   Code   RO          845    x$fpl$fsub          fz_ws.l(faddsub_clz.o)
    0x08008042   0x08008042   0x00000004   Code   RO         1030    x$fpl$printf1       fz_ws.l(printf1.o)
    0x08008046   0x08008046   0x00000000   Code   RO         1032    x$fpl$usenofp       fz_ws.l(usenofp.o)
    0x08008046   0x08008046   0x00001972   Data   RO          661    .constdata          gui.o
    0x080099b8   0x080099b8   0x00000011   Data   RO          790    .constdata          c_w.l(__printf_flags_ss_wp.o)
    0x080099c9   0x080099c9   0x00000003   PAD
    0x080099cc   0x080099cc   0x00000008   Data   RO          919    .constdata          c_w.l(_printf_wctomb.o)
    0x080099d4   0x080099d4   0x00000028   Data   RO          948    .constdata          c_w.l(_printf_hex_int_ll_ptr.o)
    0x080099fc   0x080099fc   0x00000094   Data   RO         1107    .constdata          c_w.l(bigflt0.o)
    0x08009a90   0x08009a90   0x00000020   Data   RO         1215    Region$$Table       anon$$obj.o
    0x08009ab0   0x08009ab0   0x00000110   Data   RO         1131    locale$$data        c_w.l(lc_ctype_c.o)
    0x08009bc0   0x08009bc0   0x0000001c   Data   RO         1134    locale$$data        c_w.l(lc_numeric_c.o)


    Execution Region RW_IRAM1 (Exec base: 0x20000000, Load base: 0x08009bdc, Size: 0x00000848, Max: 0x00005000, ABSOLUTE)

    Exec Addr    Load Addr    Size         Type   Attr      Idx    E Section Name        Object

    0x20000000   0x08009bdc   0x0000001f   Data   RW            3    .data               main.o
    0x2000001f   0x08009bfb   0x00000001   PAD
    0x20000020   0x08009bfc   0x00000014   Data   RW          171    .data               system_stm32f10x.o
    0x20000034   0x08009c10   0x00000004   Data   RW          202    .data               esp8266.o
    0x20000038   0x08009c14   0x00000001   Data   RW          310    .data               onenet.o
    0x20000039   0x08009c15   0x00000003   PAD
    0x2000003c   0x08009c18   0x0000000c   Data   RW          379    .data               bh1750.o
    0x20000048   0x08009c24   0x00000001   Data   RW          434    .data               key.o
    0x20000049   0x08009c25   0x00000001   PAD
    0x2000004a   0x08009c26   0x00000004   Data   RW          450    .data               delay.o
    0x2000004e   0x08009c2a   0x00000002   PAD
    0x20000050   0x08009c2c   0x00000006   Data   RW          488    .data               usart.o
    0x20000056   0x08009c32   0x00000014   Data   RW          551    .data               stm32f10x_rcc.o
    0x2000006a   0x08009c46   0x00000002   PAD
    0x2000006c        -       0x00000016   Zero   RW            2    .bss                main.o
    0x20000082        -       0x00000080   Zero   RW          201    .bss                esp8266.o
    0x20000102        -       0x0000001a   Zero   RW          309    .bss                onenet.o
    0x2000011c        -       0x000000c8   Zero   RW          487    .bss                usart.o
    0x200001e4        -       0x00000060   Zero   RW         1036    .bss                c_w.l(libspace.o)
    0x20000244   0x08009c46   0x00000004   PAD
    0x20000248        -       0x00000200   Zero   RW          520    HEAP                startup_stm32f10x_hd.o
    0x20000448        -       0x00000400   Zero   RW          519    STACK               startup_stm32f10x_hd.o


==============================================================================

Image component sizes


      Code (inc. data)   RO Data    RW Data    ZI Data      Debug   Object Name

       232          8          0          0          0       1127   adc.o
       872         20          0         12          0       3328   bh1750.o
       212         18          0          4          0       1091   delay.o
       500         18          0          0          0       2194   dht11.o
      2002          4          0          0          0       8212   edpkit.o
       676        180          0          4        128      11635   esp8266.o
      2788         22       6514          0          0       8149   gui.o
      1788         38          0          0          0       7116   iic.o
       304         14          0          1          0        892   key.o
      1056          8          0          0          0       3469   lcd_driver.o
      3260        482          0         31         22     247534   main.o
       220         22          0          0          0       1849   misc.o
      1848        818          0          1         26       4874   onenet.o
        64         26        304          0       1536        804   startup_stm32f10x_hd.o
      1102         26          0          0          0      11089   stm32f10x_adc.o
       196          8          0          0          0       3544   stm32f10x_bkp.o
       860         38          0          0          0       5781   stm32f10x_gpio.o
        26          0          0          0          0       1202   stm32f10x_it.o
       204         14          0          0          0       1979   stm32f10x_pwr.o
       932         36          0         20          0       8980   stm32f10x_rcc.o
      1032         22          0          0          0       8504   stm32f10x_usart.o
        56          6          0          0          0        526   switch.o
         0          0          0          0          0         32   sys.o
       480         38          0         20          0       1867   system_stm32f10x.o
       328         18          0          6        200       3391   usart.o
       276         10          0          0          0       2419   usart2.o

    ----------------------------------------------------------------------
     21320       1894       6850        108       1912     351588   Object Totals
         0          0         32          0          0          0   (incl. Generated)
         6          0          0          9          0          0   (incl. Padding)

    ----------------------------------------------------------------------

      Code (inc. data)   RO Data    RW Data    ZI Data      Debug   Library Member Name

        24          4          0          0          0         84   __2printf.o
        44          6          0          0          0         84   __2sprintf.o
         8          0          0          0          0         68   __main.o
       392          4         17          0          0         92   __printf_flags_ss_wp.o
        14          0          0          0          0         68   __printf_wp.o
         0          0          0          0          0          0   __rtentry.o
        12          0          0          0          0          0   __rtentry2.o
         6          0          0          0          0          0   __rtentry4.o
        52          8          0          0          0          0   __scatter.o
        26          0          0          0          0          0   __scatter_copy.o
        28          0          0          0          0          0   __scatter_zi.o
        28          0          0          0          0         68   _chval.o
         6          0          0          0          0          0   _printf_a.o
         6          0          0          0          0          0   _printf_c.o
        44          0          0          0          0        108   _printf_char.o
        48          6          0          0          0         96   _printf_char_common.o
        36          4          0          0          0         80   _printf_char_file.o
        40          0          0          0          0         68   _printf_charcount.o
         6          0          0          0          0          0   _printf_d.o
       120         16          0          0          0         92   _printf_dec.o
         6          0          0          0          0          0   _printf_e.o
         6          0          0          0          0          0   _printf_f.o
      1054          0          0          0          0        216   _printf_fp_dec.o
       128         16          0          0          0         84   _printf_fp_infnan.o
         6          0          0          0          0          0   _printf_g.o
       148          4         40          0          0        160   _printf_hex_int_ll_ptr.o
         6          0          0          0          0          0   _printf_i.o
       178          0          0          0          0         88   _printf_intcommon.o
        10          0          0          0          0          0   _printf_l.o
         6          0          0          0          0          0   _printf_lc.o
        10          0          0          0          0          0   _printf_ll.o
         6          0          0          0          0          0   _printf_lld.o
         6          0          0          0          0          0   _printf_lli.o
         6          0          0          0          0          0   _printf_llo.o
         6          0          0          0          0          0   _printf_llu.o
         6          0          0          0          0          0   _printf_llx.o
       124         16          0          0          0         92   _printf_longlong_dec.o
         6          0          0          0          0          0   _printf_ls.o
         6          0          0          0          0          0   _printf_n.o
         6          0          0          0          0          0   _printf_o.o
       112         10          0          0          0        124   _printf_oct_int_ll.o
         6          0          0          0          0          0   _printf_p.o
        78          0          0          0          0        108   _printf_pad.o
         0          0          0          0          0          0   _printf_percent.o
         4          0          0          0          0          0   _printf_percent_end.o
         6          0          0          0          0          0   _printf_s.o
        82          0          0          0          0         80   _printf_str.o
        36          0          0          0          0         84   _printf_truncate.o
         6          0          0          0          0          0   _printf_u.o
        44          0          0          0          0        108   _printf_wchar.o
       188          6          8          0          0         92   _printf_wctomb.o
         6          0          0          0          0          0   _printf_x.o
        16          0          0          0          0         68   _snputc.o
        10          0          0          0          0         68   _sputc.o
       158          0          0          0          0         92   _strtoul.o
        64          0          0          0          0         92   _wcrtomb.o
        26          0          0          0          0         80   atoi.o
       228          4        148          0          0         96   bigflt0.o
      1936        128          0          0          0        672   btod.o
        52          4          0          0          0         80   c89vsnprintf.o
        10          0          0          0          0         68   defsig_exit.o
        50          0          0          0          0         88   defsig_general.o
        80         58          0          0          0         76   defsig_rtmem_inner.o
        14          0          0          0          0         80   defsig_rtmem_outer.o
        18          0          0          0          0         80   exit.o
         8          0          0          0          0         68   ferror.o
        94          0          0          0          0         80   h1_alloc.o
        52          0          0          0          0         68   h1_extend.o
        78          0          0          0          0         80   h1_free.o
        14          0          0          0          0         84   h1_init.o
         6          0          0          0          0        152   heapauxi.o
         4          0          0          0          0        136   hguard.o
       138          0          0          0          0        168   init_alloc.o
        44         10        272          0          0         76   lc_ctype_c.o
        44         10         28          0          0         76   lc_numeric_c.o
         2          0          0          0          0          0   libinit.o
        38          0          0          0          0          0   libinit2.o
         2          0          0          0          0          0   libshutdown.o
         2          0          0          0          0          0   libshutdown2.o
         8          4          0          0         96         68   libspace.o
       138          0          0          0          0         80   lludiv10.o
         0          0          0          0          0          0   maybetermalloc1.o
        16          4          0          0          0         76   rt_ctype_table.o
         8          4          0          0          0         68   rt_errno_addr_intlibspace.o
         8          4          0          0          0         68   rt_heap_descriptor_intlibspace.o
         8          4          0          0          0         68   rt_locale_intlibspace.o
        68          0          0          0          0         68   rt_memclr.o
        78          0          0          0          0         80   rt_memclr_w.o
       138          0          0          0          0         68   rt_memcpy_v6.o
       100          0          0          0          0         80   rt_memcpy_w.o
         2          0          0          0          0          0   rtexit.o
        10          0          0          0          0          0   rtexit2.o
        24          0          0          0          0         68   strcat.o
        20          0          0          0          0         68   strchr.o
       128          0          0          0          0         68   strcmpv7m.o
        72          0          0          0          0         80   strcpy.o
        62          0          0          0          0         76   strlen.o
        36          0          0          0          0         76   strncat.o
        36          0          0          0          0         80   strstr.o
       112          0          0          0          0         88   strtol.o
        74          0          0          0          0         80   sys_stackheap_outer.o
         2          0          0          0          0         68   use_no_semi.o
         2          0          0          0          0         68   use_no_semi_2.o
       826         16          0          0          0        348   daddsub_clz.o
       688        140          0          0          0        208   ddiv.o
        90          4          0          0          0         92   dfixu.o
        46          0          0          0          0         68   dflt_clz.o
       340         12          0          0          0        104   dmul.o
       156          4          0          0          0         92   dnaninf.o
        12          0          0          0          0         68   dretinf.o
        86          4          0          0          0         84   f2d.o
       430          8          0          0          0        168   faddsub_clz.o
       388         76          0          0          0         96   fdiv.o
        62          4          0          0          0         84   ffixu.o
        38          0          0          0          0         68   fflt_clz.o
       258          4          0          0          0         84   fmul.o
       140          4          0          0          0         84   fnaninf.o
        10          0          0          0          0         68   fretinf.o
         4          0          0          0          0         68   printf1.o
         0          0          0          0          0          0   usenofp.o
        40          0          0          0          0         68   fpclassify.o

    ----------------------------------------------------------------------
     11214        610        516          0        100       8168   Library Totals
        24          0          3          0          4          0   (incl. Padding)

    ----------------------------------------------------------------------

      Code (inc. data)   RO Data    RW Data    ZI Data      Debug   Library Name

      7576        334        513          0         96       6316   c_w.l
      3574        276          0          0          0       1784   fz_ws.l
        40          0          0          0          0         68   m_ws.l

    ----------------------------------------------------------------------
     11214        610        516          0        100       8168   Library Totals

    ----------------------------------------------------------------------

==============================================================================


      Code (inc. data)   RO Data    RW Data    ZI Data      Debug   

     32534       2504       7366        108       2012     352992   Grand Totals
     32534       2504       7366        108       2012     352992   ELF Image Totals
     32534       2504       7366        108          0          0   ROM Totals

==============================================================================

    Total RO  Size (Code + RO Data)                39900 (  38.96kB)
    Total RW  Size (RW Data + ZI Data)              2120 (   2.07kB)
    Total ROM Size (Code + RO Data + RW Data)      40008 (  39.07kB)

==============================================================================

